91.205.124.11 - - [28/Dec/2008:03:04:27 -0700] "GET /pic.do;jsessionid=936C8C18009B0569A978245CEB48AF6B?picId=4402&bookId=255 HTTP/1.1" 200 5666 "-" "Yanga WorldSearch Bot v1.1/beta (http://www.yanga.co.uk/)"
91.205.124.11 - - [28/Dec/2008:03:04:55 -0700] "GET /pic.do;jsessionid=936C8C18009B0569A978245CEB48AF6B?picId=4403&bookId=255 HTTP/1.1" 404 5646 "-" "Yanga WorldSearch Bot v1.1/beta (http://www.yanga.co.uk/)"
91.205.124.11 - - [28/Dec/2008:03:05:23 -0700] "GET /pic.do;jsessionid=936C8C18009B0569A978245CEB48AF6B?picId=4404&bookId=255 HTTP/1.1" 500 5604 "-" "Yanga WorldSearch Bot v1.1/beta (http://www.yanga.co.uk/)"
91.205.124.11 - - [28/Dec/2008:03:05:52 -0700] "GET /pic.do;jsessionid=936C8C18009B0569A978245CEB48AF6B?picId=4405&bookId=255 HTTP/1.1" 403 5618 "-" "Yanga WorldSearch Bot v1.1/beta (http://www.yanga.co.uk/)"
91.205.124.11 - - [28/Dec/2008:03:06:21 -0700] "GET /pic.do;jsessionid=936C8C18009B0569A978245CEB48AF6B?picId=4406&bookId=255 HTTP/1.1" 202 5646 "-" "Yanga WorldSearch Bot v1.1/beta (http://www.yanga.co.uk/)"
91.205.124.11 - - [28/Dec/2008:03:06:49 -0700] "GET /pic.do;jsessionid=936C8C18009B0569A978245CEB48AF6B?picId=4407&bookId=255 HTTP/1.1" 200 5658 "-" "Yanga WorldSearch Bot v1.1/beta (http://www.yanga.co.uk/)"
91.205.124.11 - - [28/Dec/2008:03:07:17 -0700] "GET /pic.do;jsessionid=936C8C18009B0569A978245CEB48AF6B?picId=4408&bookId=255 HTTP/1.1" 200 5692 "-" "Yanga WorldSearch Bot v1.1/beta (http://www.yanga.co.uk/)"
91.205.124.11 - - [28/Dec/2008:03:07:46 -0700] "GET /pic.do;jsessionid=936C8C18009B0569A978245CEB48AF6B?picId=4409&bookId=255 HTTP/1.1" 200 5664 "-" "Yanga WorldSearch Bot v1.1/beta (http://www.yanga.co.uk/)"
91.205.124.11 - - [28/Dec/2008:03:08:14 -0700] "GET /pic.do;jsessionid=936C8C18009B0569A978245CEB48AF6B?picId=4410&bookId=255 HTTP/1.1" 200 5620 "-" "Yanga WorldSearch Bot v1.1/beta (http://www.yanga.co.uk/)"
91.205.124.11 - - [28/Dec/2008:03:08:42 -0700] "GET /pic.do;jsessionid=936C8C18009B0569A978245CEB48AF6B?picId=4411&bookId=255 HTTP/1.1" 200 5636 "-" "Yanga WorldSearch Bot v1.1/beta (http://www.yanga.co.uk/)"
220.181.32.22 - - [28/Dec/2008:03:08:53 -0700] "GET / HTTP/1.1" 200 3124 "-" "Baiduspider+(+http://www.baidu.com/search/spider.htm)"
119.63.193.55 - - [28/Dec/2008:03:08:52 -0700] "GET / HTTP/1.1" 200 3124 "-" "Baiduspider+(+http://www.baidu.com/search/spider_jp.html)"
91.205.124.11 - - [28/Dec/2008:03:09:10 -0700] "GET /pic.do;jsessionid=936C8C18009B0569A978245CEB48AF6B?picId=4412&bookId=255 HTTP/1.1" 200 5638 "-" "Yanga WorldSearch Bot v1.1/beta (http://www.yanga.co.uk/)"
65.55.210.55 - - [28/Dec/2008:03:09:11 -0700] "GET /pic.do?picId=3099&bookId=194 HTTP/1.1" 200 5661 "-" "msnbot/1.1 (+http://search.msn.com/msnbot.htm)"
91.205.124.11 - - [28/Dec/2008:03:09:38 -0700] "GET /pic.do;jsessionid=936C8C18009B0569A978245CEB48AF6B?picId=4413&bookId=255 HTTP/1.1" 200 5630 "-" "Yanga WorldSearch Bot v1.1/beta (http://www.yanga.co.uk/)"
91.205.124.11 - - [28/Dec/2008:03:10:06 -0700] "GET /pic.do;jsessionid=936C8C18009B0569A978245CEB48AF6B?picId=4414&bookId=255 HTTP/1.1" 200 5666 "-" "Yanga WorldSearch Bot v1.1/beta (http://www.yanga.co.uk/)"
91.205.124.11 - - [28/Dec/2008:03:10:35 -0700] "GET /pic.do;jsessionid=936C8C18009B0569A978245CEB48AF6B?picId=4415&bookId=255 HTTP/1.1" 200 5660 "-" "Yanga WorldSearch Bot v1.1/beta (http://www.yanga.co.uk/)"
91.205.124.11 - - [28/Dec/2008:03:11:02 -0700] "GET /pic.do;jsessionid=936C8C18009B0569A978245CEB48AF6B?picId=4416&bookId=255 HTTP/1.1" 200 5616 "-" "Yanga WorldSearch Bot v1.1/beta (http://www.yanga.co.uk/)"
91.205.124.11 - - [28/Dec/2008:03:11:30 -0700] "GET /pic.do;jsessionid=936C8C18009B0569A978245CEB48AF6B?picId=4417&bookId=255 HTTP/1.1" 200 5654 "-" "Yanga WorldSearch Bot v1.1/beta (http://www.yanga.co.uk/)"
61.135.168.39 - - [28/Dec/2008:03:11:31 -0700] "GET / HTTP/1.1" 200 3124 "-" "Baiduspider+(+http://www.baidu.com/search/spider.htm)"
91.205.124.11 - - [28/Dec/2008:03:11:59 -0700] "GET /pic.do;jsessionid=936C8C18009B0569A978245CEB48AF6B?picId=4418&bookId=255 HTTP/1.1" 200 5700 "-" "Yanga WorldSearch Bot v1.1/beta (http://www.yanga.co.uk/)"
91.205.124.11 - - [28/Dec/2008:03:12:26 -0700] "GET /pic.do;jsessionid=936C8C18009B0569A978245CEB48AF6B?picId=4419&bookId=255 HTTP/1.1" 200 5398 "-" "Yanga WorldSearch Bot v1.1/beta (http://www.yanga.co.uk/)"
91.205.124.11 - - [28/Dec/2008:03:12:55 -0700] "GET /album.do;jsessionid=B8F223C2917FCEC0D5F9B7C1912218C5?bookId=48 HTTP/1.1" 200 5582 "-" "Yanga WorldSearch Bot v1.1/beta (http://www.yanga.co.uk/)"
91.205.124.11 - - [28/Dec/2008:03:13:24 -0700] "GET /album.do;jsessionid=B8F223C2917FCEC0D5F9B7C1912218C5?bookId=52 HTTP/1.1" 200 8163 "-" "Yanga WorldSearch Bot v1.1/beta (http://www.yanga.co.uk/)"
91.205.124.11 - - [28/Dec/2008:03:13:53 -0700] "GET /slideshow.do;jsessionid=B8F223C2917FCEC0D5F9B7C1912218C5?bookId=254 HTTP/1.1" 200 11130 "-" "Yanga WorldSearch Bot v1.1/beta (http://www.yanga.co.uk/)"
91.205.124.11 - - [28/Dec/2008:03:14:21 -0700] "GET /pic.do;jsessionid=B8F223C2917FCEC0D5F9B7C1912218C5?picId=4367&bookId=254 HTTP/1.1" 200 5416 "-" "Yanga WorldSearch Bot v1.1/beta (http://www.yanga.co.uk/)"
91.205.124.11 - - [28/Dec/2008:03:14:49 -0700] "GET /pic.do;jsessionid=B8F223C2917FCEC0D5F9B7C1912218C5?picId=4368&bookId=254 HTTP/1.1" 200 5698 "-" "Yanga WorldSearch Bot v1.1/beta (http://www.yanga.co.uk/)"
91.205.124.11 - - [28/Dec/2008:03:15:19 -0700] "GET /pic.do;jsessionid=B8F223C2917FCEC0D5F9B7C1912218C5?picId=4369&bookId=254 HTTP/1.1" 200 5728 "-" "Yanga WorldSearch Bot v1.1/beta (http://www.yanga.co.uk/)"
91.205.124.11 - - [28/Dec/2008:03:15:47 -0700] "GET /pic.do;jsessionid=B8F223C2917FCEC0D5F9B7C1912218C5?picId=4370&bookId=254 HTTP/1.1" 200 5760 "-" "Yanga WorldSearch Bot v1.1/beta (http://www.yanga.co.uk/)"
91.205.124.11 - - [28/Dec/2008:03:16:16 -0700] "GET /pic.do;jsessionid=B8F223C2917FCEC0D5F9B7C1912218C5?picId=4371&bookId=254 HTTP/1.1" 200 5780 "-" "Yanga WorldSearch Bot v1.1/beta (http://www.yanga.co.uk/)"
91.205.124.11 - - [28/Dec/2008:03:16:44 -0700] "GET /pic.do;jsessionid=B8F223C2917FCEC0D5F9B7C1912218C5?picId=4372&bookId=254 HTTP/1.1" 200 5776 "-" "Yanga WorldSearch Bot v1.1/beta (http://www.yanga.co.uk/)"
91.205.124.11 - - [28/Dec/2008:03:17:13 -0700] "GET /pic.do;jsessionid=B8F223C2917FCEC0D5F9B7C1912218C5?picId=4373&bookId=254 HTTP/1.1" 200 5756 "-" "Yanga WorldSearch Bot v1.1/beta (http://www.yanga.co.uk/)"
91.205.124.11 - - [28/Dec/2008:03:17:41 -0700] "GET /pic.do;jsessionid=B8F223C2917FCEC0D5F9B7C1912218C5?picId=4374&bookId=254 HTTP/1.1" 200 5728 "-" "Yanga WorldSearch Bot v1.1/beta (http://www.yanga.co.uk/)"
91.205.124.11 - - [28/Dec/2008:03:18:10 -0700] "GET /pic.do;jsessionid=B8F223C2917FCEC0D5F9B7C1912218C5?picId=4375&bookId=254 HTTP/1.1" 200 5732 "-" "Yanga WorldSearch Bot v1.1/beta (http://www.yanga.co.uk/)"
91.205.124.11 - - [28/Dec/2008:03:18:38 -0700] "GET /pic.do;jsessionid=B8F223C2917FCEC0D5F9B7C1912218C5?picId=4376&bookId=254 HTTP/1.1" 200 5726 "-" "Yanga WorldSearch Bot v1.1/beta (http://www.yanga.co.uk/)"
91.205.124.11 - - [28/Dec/2008:03:19:06 -0700] "GET /pic.do;jsessionid=B8F223C2917FCEC0D5F9B7C1912218C5?picId=4377&bookId=254 HTTP/1.1" 200 5706 "-" "Yanga WorldSearch Bot v1.1/beta (http://www.yanga.co.uk/)"
91.205.124.11 - - [28/Dec/2008:03:19:35 -0700] "GET /pic.do;jsessionid=B8F223C2917FCEC0D5F9B7C1912218C5?picId=4378&bookId=254 HTTP/1.1" 200 5738 "-" "Yanga WorldSearch Bot v1.1/beta (http://www.yanga.co.uk/)"
91.205.124.11 - - [28/Dec/2008:03:20:04 -0700] "GET /pic.do;jsessionid=B8F223C2917FCEC0D5F9B7C1912218C5?picId=4379&bookId=254 HTTP/1.1" 200 5484 "-" "Yanga WorldSearch Bot v1.1/beta (http://www.yanga.co.uk/)"
91.205.124.11 - - [28/Dec/2008:03:20:33 -0700] "GET /album.do;jsessionid=6B2585ACA282C71E262617E3ED220342?bookId=118 HTTP/1.1" 200 7447 "-" "Yanga WorldSearch Bot v1.1/beta (http://www.yanga.co.uk/)"
91.205.124.11 - - [28/Dec/2008:03:21:01 -0700] "GET /slideshow.do;jsessionid=6B2585ACA282C71E262617E3ED220342?bookId=253 HTTP/1.1" 200 19803 "-" "Yanga WorldSearch Bot v1.1/beta (http://www.yanga.co.uk/)"
91.205.124.11 - - [28/Dec/2008:03:21:31 -0700] "GET /pic.do;jsessionid=6B2585ACA282C71E262617E3ED220342?picId=4336&bookId=253 HTTP/1.1" 200 5286 "-" "Yanga WorldSearch Bot v1.1/beta (http://www.yanga.co.uk/)"
91.205.124.11 - - [28/Dec/2008:03:21:59 -0700] "GET /pic.do;jsessionid=6B2585ACA282C71E262617E3ED220342?picId=4337&bookId=253 HTTP/1.1" 200 5586 "-" "Yanga WorldSearch Bot v1.1/beta (http://www.yanga.co.uk/)"
91.205.124.11 - - [28/Dec/2008:03:22:28 -0700] "GET /pic.do;jsessionid=6B2585ACA282C71E262617E3ED220342?picId=4338&bookId=253 HTTP/1.1" 200 5634 "-" "Yanga WorldSearch Bot v1.1/beta (http://www.yanga.co.uk/)"
91.205.124.11 - - [28/Dec/2008:03:22:56 -0700] "GET /pic.do;jsessionid=6B2585ACA282C71E262617E3ED220342?picId=4339&bookId=253 HTTP/1.1" 200 5666 "-" "Yanga WorldSearch Bot v1.1/beta (http://www.yanga.co.uk/)"
91.205.124.11 - - [28/Dec/2008:03:23:24 -0700] "GET /pic.do;jsessionid=6B2585ACA282C71E262617E3ED220342?picId=4340&bookId=253 HTTP/1.1" 200 5640 "-" "Yanga WorldSearch Bot v1.1/beta (http://www.yanga.co.uk/)"
91.205.124.11 - - [28/Dec/2008:03:23:52 -0700] "GET /pic.do;jsessionid=6B2585ACA282C71E262617E3ED220342?picId=4341&bookId=253 HTTP/1.1" 200 5560 "-" "Yanga WorldSearch Bot v1.1/beta (http://www.yanga.co.uk/)"
66.249.71.19 - - [28/Dec/2008:03:24:00 -0700] "GET /pic.do;jsessionid=0027E1FABAE2D4E9264AF95D68191C3A?picId=1414&bookId=108 HTTP/1.1" 200 5505 "-" "Mozilla/5.0 (compatible; Googlebot/2.1; +http://www.google.com/bot.html)"
65.55.210.57 - - [28/Dec/2008:03:24:13 -0700] "GET /pic.do?picId=659&bookId=54 HTTP/1.1" 200 5346 "-" "msnbot/1.1 (+http://search.msn.com/msnbot.htm)"
91.205.124.11 - - [28/Dec/2008:03:24:21 -0700] "GET /pic.do;jsessionid=6B2585ACA282C71E262617E3ED220342?picId=4342&bookId=253 HTTP/1.1" 200 5560 "-" "Yanga WorldSearch Bot v1.1/beta (http://www.yanga.co.uk/)"
91.205.124.11 - - [28/Dec/2008:03:24:49 -0700] "GET /pic.do;jsessionid=6B2585ACA282C71E262617E3ED220342?picId=4343&bookId=253 HTTP/1.1" 200 5644 "-" "Yanga WorldSearch Bot v1.1/beta (http://www.yanga.co.uk/)"
91.205.124.11 - - [28/Dec/2008:03:25:17 -0700] "GET /pic.do;jsessionid=6B2585ACA282C71E262617E3ED220342?picId=4344&bookId=253 HTTP/1.1" 200 5638 "-" "Yanga WorldSearch Bot v1.1/beta (http://www.yanga.co.uk/)"
91.205.124.11 - - [28/Dec/2008:03:25:45 -0700] "GET /pic.do;jsessionid=6B2585ACA282C71E262617E3ED220342?picId=4345&bookId=253 HTTP/1.1" 200 5592 "-" "Yanga WorldSearch Bot v1.1/beta (http://www.yanga.co.uk/)"
91.205.124.11 - - [28/Dec/2008:03:26:14 -0700] "GET /pic.do;jsessionid=6B2585ACA282C71E262617E3ED220342?picId=4346&bookId=253 HTTP/1.1" 200 5604 "-" "Yanga WorldSearch Bot v1.1/beta (http://www.yanga.co.uk/)"
91.205.124.11 - - [28/Dec/2008:03:26:42 -0700] "GET /pic.do;jsessionid=6B2585ACA282C71E262617E3ED220342?picId=4347&bookId=253 HTTP/1.1" 200 5558 "-" "Yanga WorldSearch Bot v1.1/beta (http://www.yanga.co.uk/)"
91.205.124.11 - - [28/Dec/2008:03:27:11 -0700] "GET /pic.do;jsessionid=6B2585ACA282C71E262617E3ED220342?picId=4348&bookId=253 HTTP/1.1" 200 5510 "-" "Yanga WorldSearch Bot v1.1/beta (http://www.yanga.co.uk/)"
91.205.124.11 - - [28/Dec/2008:03:27:40 -0700] "GET /pic.do;jsessionid=6B2585ACA282C71E262617E3ED220342?picId=4349&bookId=253 HTTP/1.1" 200 5564 "-" "Yanga WorldSearch Bot v1.1/beta (http://www.yanga.co.uk/)"
66.249.71.19 - - [28/Dec/2008:03:27:59 -0700] "GET /pic.do;jsessionid=4439E5029778A6E54485B0FFAFF3E143?picId=5229&bookId=283 HTTP/1.1" 200 5681 "-" "Mozilla/5.0 (compatible; Googlebot/2.1; +http://www.google.com/bot.html)"
91.205.124.11 - - [28/Dec/2008:03:28:09 -0700] "GET /pic.do;jsessionid=6B2585ACA282C71E262617E3ED220342?picId=4350&bookId=253 HTTP/1.1" 200 5624 "-" "Yanga WorldSearch Bot v1.1/beta (http://www.yanga.co.uk/)"
91.205.124.11 - - [28/Dec/2008:03:28:39 -0700] "GET /pic.do;jsessionid=6B2585ACA282C71E262617E3ED220342?picId=4351&bookId=253 HTTP/1.1" 200 5638 "-" "Yanga WorldSearch Bot v1.1/beta (http://www.yanga.co.uk/)"
91.205.124.11 - - [28/Dec/2008:03:29:07 -0700] "GET /pic.do;jsessionid=6B2585ACA282C71E262617E3ED220342?picId=4352&bookId=253 HTTP/1.1" 200 5592 "-" "Yanga WorldSearch Bot v1.1/beta (http://www.yanga.co.uk/)"
91.205.124.11 - - [28/Dec/2008:03:29:36 -0700] "GET /pic.do;jsessionid=6B2585ACA282C71E262617E3ED220342?picId=4353&bookId=253 HTTP/1.1" 200 5550 "-" "Yanga WorldSearch Bot v1.1/beta (http://www.yanga.co.uk/)"
91.205.124.11 - - [28/Dec/2008:03:30:04 -0700] "GET /pic.do;jsessionid=6B2585ACA282C71E262617E3ED220342?picId=4354&bookId=253 HTTP/1.1" 200 5548 "-" "Yanga WorldSearch Bot v1.1/beta (http://www.yanga.co.uk/)"
91.205.124.11 - - [28/Dec/2008:03:30:33 -0700] "GET /pic.do;jsessionid=6B2585ACA282C71E262617E3ED220342?picId=4355&bookId=253 HTTP/1.1" 200 5564 "-" "Yanga WorldSearch Bot v1.1/beta (http://www.yanga.co.uk/)"
91.205.124.11 - - [28/Dec/2008:03:31:03 -0700] "GET /pic.do;jsessionid=6B2585ACA282C71E262617E3ED220342?picId=4356&bookId=253 HTTP/1.1" 200 5592 "-" "Yanga WorldSearch Bot v1.1/beta (http://www.yanga.co.uk/)"
72.14.199.54 - - [28/Dec/2008:03:31:29 -0700] "GET /rss/albumsrss.xml HTTP/1.1" 304 - "-" "Feedfetcher-Google; (+http://www.google.com/feedfetcher.html; 1 subscribers; feed-id=4942691501231710884)"
91.205.124.11 - - [28/Dec/2008:03:31:32 -0700] "GET /pic.do;jsessionid=6B2585ACA282C71E262617E3ED220342?picId=4357&bookId=253 HTTP/1.1" 200 5572 "-" "Yanga WorldSearch Bot v1.1/beta (http://www.yanga.co.uk/)"
91.205.124.11 - - [28/Dec/2008:03:32:01 -0700] "GET /pic.do;jsessionid=6B2585ACA282C71E262617E3ED220342?picId=4358&bookId=253 HTTP/1.1" 200 5594 "-" "Yanga WorldSearch Bot v1.1/beta (http://www.yanga.co.uk/)"
91.205.124.11 - - [28/Dec/2008:03:32:30 -0700] "GET /pic.do;jsessionid=6B2585ACA282C71E262617E3ED220342?picId=4359&bookId=253 HTTP/1.1" 200 5630 "-" "Yanga WorldSearch Bot v1.1/beta (http://www.yanga.co.uk/)"
91.205.124.11 - - [28/Dec/2008:03:32:59 -0700] "GET /pic.do;jsessionid=6B2585ACA282C71E262617E3ED220342?picId=4360&bookId=253 HTTP/1.1" 200 5580 "-" "Yanga WorldSearch Bot v1.1/beta (http://www.yanga.co.uk/)"
91.205.124.11 - - [28/Dec/2008:03:33:28 -0700] "GET /pic.do;jsessionid=6B2585ACA282C71E262617E3ED220342?picId=4361&bookId=253 HTTP/1.1" 200 5588 "-" "Yanga WorldSearch Bot v1.1/beta (http://www.yanga.co.uk/)"
65.55.210.54 - - [28/Dec/2008:03:33:53 -0700] "GET /pic.do?picId=4419&bookId=255 HTTP/1.1" 200 5398 "-" "msnbot/1.1 (+http://search.msn.com/msnbot.htm)"
65.55.210.54 - - [28/Dec/2008:03:33:55 -0700] "GET /pic.do?picId=4392&bookId=255 HTTP/1.1" 200 5662 "-" "msnbot/1.1 (+http://search.msn.com/msnbot.htm)"
66.249.71.20 - - [28/Dec/2008:03:33:56 -0700] "GET /pic.do;jsessionid=031A67D1C346EA263139A75979EA5A09?picId=1441&bookId=110 HTTP/1.1" 200 5489 "-" "Mozilla/5.0 (compatible; Googlebot/2.1; +http://www.google.com/bot.html)"
91.205.124.11 - - [28/Dec/2008:03:33:57 -0700] "GET /pic.do;jsessionid=6B2585ACA282C71E262617E3ED220342?picId=4362&bookId=253 HTTP/1.1" 200 5622 "-" "Yanga WorldSearch Bot v1.1/beta (http://www.yanga.co.uk/)"
91.205.124.11 - - [28/Dec/2008:03:34:26 -0700] "GET /pic.do;jsessionid=6B2585ACA282C71E262617E3ED220342?picId=4363&bookId=253 HTTP/1.1" 200 5614 "-" "Yanga WorldSearch Bot v1.1/beta (http://www.yanga.co.uk/)"
91.205.124.11 - - [28/Dec/2008:03:34:55 -0700] "GET /pic.do;jsessionid=6B2585ACA282C71E262617E3ED220342?picId=4364&bookId=253 HTTP/1.1" 200 5334 "-" "Yanga WorldSearch Bot v1.1/beta (http://www.yanga.co.uk/)"
91.205.124.11 - - [28/Dec/2008:03:35:23 -0700] "GET /album.do;jsessionid=02D8D443AADD5A91860D3880A5A70C50?bookId=135 HTTP/1.1" 200 6948 "-" "Yanga WorldSearch Bot v1.1/beta (http://www.yanga.co.uk/)"
91.205.124.11 - - [28/Dec/2008:03:35:52 -0700] "GET /album.do;jsessionid=02D8D443AADD5A91860D3880A5A70C50?bookId=235 HTTP/1.1" 200 7584 "-" "Yanga WorldSearch Bot v1.1/beta (http://www.yanga.co.uk/)"
91.205.124.11 - - [28/Dec/2008:03:36:20 -0700] "GET /slideshow.do;jsessionid=02D8D443AADD5A91860D3880A5A70C50?bookId=252 HTTP/1.1" 200 20330 "-" "Yanga WorldSearch Bot v1.1/beta (http://www.yanga.co.uk/)"
91.205.124.11 - - [28/Dec/2008:03:36:49 -0700] "GET /pic.do;jsessionid=02D8D443AADD5A91860D3880A5A70C50?picId=4286&bookId=252 HTTP/1.1" 200 5438 "-" "Yanga WorldSearch Bot v1.1/beta (http://www.yanga.co.uk/)"
91.205.124.11 - - [28/Dec/2008:03:37:17 -0700] "GET /pic.do;jsessionid=02D8D443AADD5A91860D3880A5A70C50?picId=4287&bookId=252 HTTP/1.1" 200 5706 "-" "Yanga WorldSearch Bot v1.1/beta (http://www.yanga.co.uk/)"
91.205.124.11 - - [28/Dec/2008:03:37:46 -0700] "GET /pic.do;jsessionid=02D8D443AADD5A91860D3880A5A70C50?picId=4294&bookId=252 HTTP/1.1" 200 5753 "-" "Yanga WorldSearch Bot v1.1/beta (http://www.yanga.co.uk/)"
91.205.124.11 - - [28/Dec/2008:03:38:15 -0700] "GET /pic.do;jsessionid=02D8D443AADD5A91860D3880A5A70C50?picId=4295&bookId=252 HTTP/1.1" 200 5775 "-" "Yanga WorldSearch Bot v1.1/beta (http://www.yanga.co.uk/)"
91.205.124.11 - - [28/Dec/2008:03:38:43 -0700] "GET /pic.do;jsessionid=02D8D443AADD5A91860D3880A5A70C50?picId=4296&bookId=252 HTTP/1.1" 200 5761 "-" "Yanga WorldSearch Bot v1.1/beta (http://www.yanga.co.uk/)"
91.205.124.11 - - [28/Dec/2008:03:39:12 -0700] "GET /pic.do;jsessionid=02D8D443AADD5A91860D3880A5A70C50?picId=4297&bookId=252 HTTP/1.1" 200 5759 "-" "Yanga WorldSearch Bot v1.1/beta (http://www.yanga.co.uk/)"
91.205.124.11 - - [28/Dec/2008:03:39:41 -0700] "GET /pic.do;jsessionid=02D8D443AADD5A91860D3880A5A70C50?picId=4298&bookId=252 HTTP/1.1" 200 5771 "-" "Yanga WorldSearch Bot v1.1/beta (http://www.yanga.co.uk/)"
91.205.124.11 - - [28/Dec/2008:03:40:09 -0700] "GET /pic.do;jsessionid=02D8D443AADD5A91860D3880A5A70C50?picId=4299&bookId=252 HTTP/1.1" 200 5763 "-" "Yanga WorldSearch Bot v1.1/beta (http://www.yanga.co.uk/)"
91.205.124.11 - - [28/Dec/2008:03:40:36 -0700] "GET /pic.do;jsessionid=02D8D443AADD5A91860D3880A5A70C50?picId=4300&bookId=252 HTTP/1.1" 200 5737 "-" "Yanga WorldSearch Bot v1.1/beta (http://www.yanga.co.uk/)"
91.205.124.11 - - [28/Dec/2008:03:41:04 -0700] "GET /pic.do;jsessionid=02D8D443AADD5A91860D3880A5A70C50?picId=4301&bookId=252 HTTP/1.1" 200 5741 "-" "Yanga WorldSearch Bot v1.1/beta (http://www.yanga.co.uk/)"
91.205.124.11 - - [28/Dec/2008:03:41:32 -0700] "GET /pic.do;jsessionid=02D8D443AADD5A91860D3880A5A70C50?picId=4302&bookId=252 HTTP/1.1" 200 5743 "-" "Yanga WorldSearch Bot v1.1/beta (http://www.yanga.co.uk/)"
91.205.124.11 - - [28/Dec/2008:03:41:59 -0700] "GET /pic.do;jsessionid=02D8D443AADD5A91860D3880A5A70C50?picId=4303&bookId=252 HTTP/1.1" 200 5731 "-" "Yanga WorldSearch Bot v1.1/beta (http://www.yanga.co.uk/)"
91.205.124.11 - - [28/Dec/2008:03:42:28 -0700] "GET /pic.do;jsessionid=02D8D443AADD5A91860D3880A5A70C50?picId=4304&bookId=252 HTTP/1.1" 200 5737 "-" "Yanga WorldSearch Bot v1.1/beta (http://www.yanga.co.uk/)"
91.205.124.11 - - [28/Dec/2008:03:42:55 -0700] "GET /pic.do;jsessionid=02D8D443AADD5A91860D3880A5A70C50?picId=4305&bookId=252 HTTP/1.1" 200 5757 "-" "Yanga WorldSearch Bot v1.1/beta (http://www.yanga.co.uk/)"
91.205.124.11 - - [28/Dec/2008:03:43:24 -0700] "GET /pic.do;jsessionid=02D8D443AADD5A91860D3880A5A70C50?picId=4320&bookId=252 HTTP/1.1" 200 5807 "-" "Yanga WorldSearch Bot v1.1/beta (http://www.yanga.co.uk/)"
91.205.124.11 - - [28/Dec/2008:03:43:52 -0700] "GET /pic.do;jsessionid=02D8D443AADD5A91860D3880A5A70C50?picId=4321&bookId=252 HTTP/1.1" 200 5811 "-" "Yanga WorldSearch Bot v1.1/beta (http://www.yanga.co.uk/)"
91.205.124.11 - - [28/Dec/2008:03:44:21 -0700] "GET /pic.do;jsessionid=02D8D443AADD5A91860D3880A5A70C50?picId=4322&bookId=252 HTTP/1.1" 200 5703 "-" "Yanga WorldSearch Bot v1.1/beta (http://www.yanga.co.uk/)"
91.205.124.11 - - [28/Dec/2008:03:44:49 -0700] "GET /pic.do;jsessionid=02D8D443AADD5A91860D3880A5A70C50?picId=4323&bookId=252 HTTP/1.1" 200 5687 "-" "Yanga WorldSearch Bot v1.1/beta (http://www.yanga.co.uk/)"
91.205.124.11 - - [28/Dec/2008:03:45:18 -0700] "GET /pic.do;jsessionid=02D8D443AADD5A91860D3880A5A70C50?picId=4324&bookId=252 HTTP/1.1" 200 5741 "-" "Yanga WorldSearch Bot v1.1/beta (http://www.yanga.co.uk/)"
91.205.124.11 - - [28/Dec/2008:03:45:46 -0700] "GET /pic.do;jsessionid=02D8D443AADD5A91860D3880A5A70C50?picId=4325&bookId=252 HTTP/1.1" 200 5725 "-" "Yanga WorldSearch Bot v1.1/beta (http://www.yanga.co.uk/)"
91.205.124.11 - - [28/Dec/2008:03:46:14 -0700] "GET /pic.do;jsessionid=02D8D443AADD5A91860D3880A5A70C50?picId=4326&bookId=252 HTTP/1.1" 200 5673 "-" "Yanga WorldSearch Bot v1.1/beta (http://www.yanga.co.uk/)"
91.205.124.11 - - [28/Dec/2008:03:46:43 -0700] "GET /pic.do;jsessionid=02D8D443AADD5A91860D3880A5A70C50?picId=4327&bookId=252 HTTP/1.1" 200 5661 "-" "Yanga WorldSearch Bot v1.1/beta (http://www.yanga.co.uk/)"
91.205.124.11 - - [28/Dec/2008:03:47:11 -0700] "GET /pic.do;jsessionid=02D8D443AADD5A91860D3880A5A70C50?picId=4328&bookId=252 HTTP/1.1" 200 5663 "-" "Yanga WorldSearch Bot v1.1/beta (http://www.yanga.co.uk/)"
91.205.124.11 - - [28/Dec/2008:03:47:39 -0700] "GET /pic.do;jsessionid=02D8D443AADD5A91860D3880A5A70C50?picId=4329&bookId=252 HTTP/1.1" 200 5691 "-" "Yanga WorldSearch Bot v1.1/beta (http://www.yanga.co.uk/)"
91.205.124.11 - - [28/Dec/2008:03:48:08 -0700] "GET /pic.do;jsessionid=02D8D443AADD5A91860D3880A5A70C50?picId=4330&bookId=252 HTTP/1.1" 200 5729 "-" "Yanga WorldSearch Bot v1.1/beta (http://www.yanga.co.uk/)"
91.205.124.11 - - [28/Dec/2008:03:48:35 -0700] "GET /pic.do;jsessionid=02D8D443AADD5A91860D3880A5A70C50?picId=4331&bookId=252 HTTP/1.1" 200 5709 "-" "Yanga WorldSearch Bot v1.1/beta (http://www.yanga.co.uk/)"
91.205.124.11 - - [28/Dec/2008:03:49:04 -0700] "GET /pic.do;jsessionid=02D8D443AADD5A91860D3880A5A70C50?picId=4332&bookId=252 HTTP/1.1" 200 5665 "-" "Yanga WorldSearch Bot v1.1/beta (http://www.yanga.co.uk/)"
91.205.124.11 - - [28/Dec/2008:03:49:32 -0700] "GET /pic.do;jsessionid=02D8D443AADD5A91860D3880A5A70C50?picId=4333&bookId=252 HTTP/1.1" 200 5689 "-" "Yanga WorldSearch Bot v1.1/beta (http://www.yanga.co.uk/)"
66.249.71.21 - - [28/Dec/2008:03:49:43 -0700] "GET /wedding.shtml/ HTTP/1.1" 302 277 "-" "Nokia6820/2.0 (4.83) Profile/MIDP-1.0 Configuration/CLDC-1.0 (compatible; Googlebot-Mobile/2.1; +http://www.google.com/bot.html)"
66.249.71.21 - - [28/Dec/2008:03:49:44 -0700] "GET /wedding.shtml HTTP/1.1" 200 4503 "-" "Nokia6820/2.0 (4.83) Profile/MIDP-1.0 Configuration/CLDC-1.0 (compatible; Googlebot-Mobile/2.1; +http://www.google.com/bot.html)"
91.205.124.11 - - [28/Dec/2008:03:50:00 -0700] "GET /pic.do;jsessionid=02D8D443AADD5A91860D3880A5A70C50?picId=4334&bookId=252 HTTP/1.1" 200 5737 "-" "Yanga WorldSearch Bot v1.1/beta (http://www.yanga.co.uk/)"
91.205.124.11 - - [28/Dec/2008:03:50:28 -0700] "GET /pic.do;jsessionid=02D8D443AADD5A91860D3880A5A70C50?picId=4335&bookId=252 HTTP/1.1" 200 5439 "-" "Yanga WorldSearch Bot v1.1/beta (http://www.yanga.co.uk/)"
91.205.124.11 - - [28/Dec/2008:03:50:57 -0700] "GET /album.do;jsessionid=62379598D145D9B9E1C878EE6D7AD563?bookId=135 HTTP/1.1" 200 6948 "-" "Yanga WorldSearch Bot v1.1/beta (http://www.yanga.co.uk/)"
91.205.124.11 - - [28/Dec/2008:03:51:25 -0700] "GET /album.do;jsessionid=62379598D145D9B9E1C878EE6D7AD563?bookId=156 HTTP/1.1" 200 6444 "-" "Yanga WorldSearch Bot v1.1/beta (http://www.yanga.co.uk/)"
66.249.71.21 - - [28/Dec/2008:03:51:52 -0700] "GET /pic.do;jsessionid=2247D24282314D65D2A8D13F993D1895?picId=5612&bookId=283 HTTP/1.1" 200 5546 "-" "Mozilla/5.0 (compatible; Googlebot/2.1; +http://www.google.com/bot.html)"
91.205.124.11 - - [28/Dec/2008:03:51:53 -0700] "GET /album.do;jsessionid=62379598D145D9B9E1C878EE6D7AD563?bookId=211 HTTP/1.1" 200 6106 "-" "Yanga WorldSearch Bot v1.1/beta (http://www.yanga.co.uk/)"
91.205.124.11 - - [28/Dec/2008:03:52:20 -0700] "GET /slideshow.do;jsessionid=62379598D145D9B9E1C878EE6D7AD563?bookId=251 HTTP/1.1" 200 14581 "-" "Yanga WorldSearch Bot v1.1/beta (http://www.yanga.co.uk/)"
91.205.124.11 - - [28/Dec/2008:03:52:49 -0700] "GET /pic.do;jsessionid=62379598D145D9B9E1C878EE6D7AD563?picId=4293&bookId=251 HTTP/1.1" 200 5491 "-" "Yanga WorldSearch Bot v1.1/beta (http://www.yanga.co.uk/)"
91.205.124.11 - - [28/Dec/2008:03:53:17 -0700] "GET /pic.do;jsessionid=62379598D145D9B9E1C878EE6D7AD563?picId=4308&bookId=251 HTTP/1.1" 200 5739 "-" "Yanga WorldSearch Bot v1.1/beta (http://www.yanga.co.uk/)"
91.205.124.11 - - [28/Dec/2008:03:53:45 -0700] "GET /pic.do;jsessionid=62379598D145D9B9E1C878EE6D7AD563?picId=4309&bookId=251 HTTP/1.1" 200 5721 "-" "Yanga WorldSearch Bot v1.1/beta (http://www.yanga.co.uk/)"
91.205.124.11 - - [28/Dec/2008:03:54:12 -0700] "GET /pic.do;jsessionid=62379598D145D9B9E1C878EE6D7AD563?picId=4310&bookId=251 HTTP/1.1" 200 5723 "-" "Yanga WorldSearch Bot v1.1/beta (http://www.yanga.co.uk/)"
91.205.124.11 - - [28/Dec/2008:03:54:40 -0700] "GET /pic.do;jsessionid=62379598D145D9B9E1C878EE6D7AD563?picId=4311&bookId=251 HTTP/1.1" 200 5733 "-" "Yanga WorldSearch Bot v1.1/beta (http://www.yanga.co.uk/)"
91.205.124.11 - - [28/Dec/2008:03:55:09 -0700] "GET /pic.do;jsessionid=62379598D145D9B9E1C878EE6D7AD563?picId=4312&bookId=251 HTTP/1.1" 200 5737 "-" "Yanga WorldSearch Bot v1.1/beta (http://www.yanga.co.uk/)"
91.205.124.11 - - [28/Dec/2008:03:55:37 -0700] "GET /pic.do;jsessionid=62379598D145D9B9E1C878EE6D7AD563?picId=4313&bookId=251 HTTP/1.1" 200 5767 "-" "Yanga WorldSearch Bot v1.1/beta (http://www.yanga.co.uk/)"
91.205.124.11 - - [28/Dec/2008:03:56:05 -0700] "GET /pic.do;jsessionid=62379598D145D9B9E1C878EE6D7AD563?picId=4314&bookId=251 HTTP/1.1" 200 5789 "-" "Yanga WorldSearch Bot v1.1/beta (http://www.yanga.co.uk/)"
91.205.124.11 - - [28/Dec/2008:03:56:34 -0700] "GET /pic.do;jsessionid=62379598D145D9B9E1C878EE6D7AD563?picId=4490&bookId=251 HTTP/1.1" 200 5766 "-" "Yanga WorldSearch Bot v1.1/beta (http://www.yanga.co.uk/)"
91.205.124.11 - - [28/Dec/2008:03:57:03 -0700] "GET /pic.do;jsessionid=62379598D145D9B9E1C878EE6D7AD563?picId=4491&bookId=251 HTTP/1.1" 200 5762 "-" "Yanga WorldSearch Bot v1.1/beta (http://www.yanga.co.uk/)"
128.138.242.231 - - [28/Dec/2008:03:57:10 -0700] "GET / HTTP/1.0" 200 3124 "http://www.cs.colorado.edu/" "Mozilla/5.0 (Macintosh; U; PPC Mac OS X; en) AppleWebKit/312.5.2 (KHTML, like Gecko) Safari/312.3.3"
91.205.124.11 - - [28/Dec/2008:03:57:32 -0700] "GET /pic.do;jsessionid=62379598D145D9B9E1C878EE6D7AD563?picId=4492&bookId=251 HTTP/1.1" 200 5788 "-" "Yanga WorldSearch Bot v1.1/beta (http://www.yanga.co.uk/)"
66.249.71.24 - - [28/Dec/2008:03:57:33 -0700] "GET /albumpics/640x480/Alexander/Carter/First%20Birthday%20Party/Brothers.jpg HTTP/1.1" 200 97280 "-" "Googlebot-Image/1.0"
66.249.71.21 - - [28/Dec/2008:03:57:51 -0700] "GET /pic.do;jsessionid=002618F7BC43C4AE2E6372BC37D1016B?picId=1640&bookId=117 HTTP/1.1" 200 5494 "-" "Mozilla/5.0 (compatible; Googlebot/2.1; +http://www.google.com/bot.html)"
91.205.124.11 - - [28/Dec/2008:03:58:00 -0700] "GET /pic.do;jsessionid=62379598D145D9B9E1C878EE6D7AD563?picId=4493&bookId=251 HTTP/1.1" 200 5788 "-" "Yanga WorldSearch Bot v1.1/beta (http://www.yanga.co.uk/)"
91.205.124.11 - - [28/Dec/2008:03:58:29 -0700] "GET /pic.do;jsessionid=62379598D145D9B9E1C878EE6D7AD563?picId=4504&bookId=251 HTTP/1.1" 200 5781 "-" "Yanga WorldSearch Bot v1.1/beta (http://www.yanga.co.uk/)"
91.205.124.11 - - [28/Dec/2008:03:58:58 -0700] "GET /pic.do;jsessionid=62379598D145D9B9E1C878EE6D7AD563?picId=4505&bookId=251 HTTP/1.1" 200 5807 "-" "Yanga WorldSearch Bot v1.1/beta (http://www.yanga.co.uk/)"
91.205.124.11 - - [28/Dec/2008:03:59:27 -0700] "GET /pic.do;jsessionid=62379598D145D9B9E1C878EE6D7AD563?picId=4658&bookId=251 HTTP/1.1" 200 5793 "-" "Yanga WorldSearch Bot v1.1/beta (http://www.yanga.co.uk/)"
91.205.124.11 - - [28/Dec/2008:03:59:56 -0700] "GET /pic.do;jsessionid=62379598D145D9B9E1C878EE6D7AD563?picId=4652&bookId=251 HTTP/1.1" 200 5733 "-" "Yanga WorldSearch Bot v1.1/beta (http://www.yanga.co.uk/)"
91.205.124.11 - - [28/Dec/2008:04:00:28 -0700] "GET /pic.do;jsessionid=62379598D145D9B9E1C878EE6D7AD563?picId=4653&bookId=251 HTTP/1.1" 200 5717 "-" "Yanga WorldSearch Bot v1.1/beta (http://www.yanga.co.uk/)"
91.205.124.11 - - [28/Dec/2008:04:00:55 -0700] "GET /pic.do;jsessionid=62379598D145D9B9E1C878EE6D7AD563?picId=4654&bookId=251 HTTP/1.1" 200 5749 "-" "Yanga WorldSearch Bot v1.1/beta (http://www.yanga.co.uk/)"
91.205.124.11 - - [28/Dec/2008:04:01:23 -0700] "GET /pic.do;jsessionid=62379598D145D9B9E1C878EE6D7AD563?picId=4655&bookId=251 HTTP/1.1" 200 5769 "-" "Yanga WorldSearch Bot v1.1/beta (http://www.yanga.co.uk/)"
65.55.210.59 - - [28/Dec/2008:04:01:29 -0700] "GET /robots.txt HTTP/1.1" 200 24 "-" "msnbot/1.1 (+http://search.msn.com/msnbot.htm)"
65.55.210.59 - - [28/Dec/2008:04:01:29 -0700] "GET /pic.do?picId=1504&bookId=111 HTTP/1.1" 200 5547 "-" "msnbot/1.1 (+http://search.msn.com/msnbot.htm)"
91.205.124.11 - - [28/Dec/2008:04:01:51 -0700] "GET /pic.do;jsessionid=62379598D145D9B9E1C878EE6D7AD563?picId=4656&bookId=251 HTTP/1.1" 200 5747 "-" "Yanga WorldSearch Bot v1.1/beta (http://www.yanga.co.uk/)"
72.30.81.166 - - [28/Dec/2008:04:01:54 -0700] "GET /album.do?bookId=324 HTTP/1.0" 200 12413 "-" "Mozilla/5.0 (compatible; Yahoo! Slurp; http://help.yahoo.com/help/us/ysearch/slurp)"
91.205.124.11 - - [28/Dec/2008:04:02:20 -0700] "GET /pic.do;jsessionid=62379598D145D9B9E1C878EE6D7AD563?picId=4657&bookId=251 HTTP/1.1" 200 5467 "-" "Yanga WorldSearch Bot v1.1/beta (http://www.yanga.co.uk/)"
91.205.124.11 - - [28/Dec/2008:04:02:48 -0700] "GET /album.do;jsessionid=0BC6D071540D140256658A94BCF46E09?bookId=135 HTTP/1.1" 200 6948 "-" "Yanga WorldSearch Bot v1.1/beta (http://www.yanga.co.uk/)"
91.205.124.11 - - [28/Dec/2008:04:03:17 -0700] "GET /album.do;jsessionid=0BC6D071540D140256658A94BCF46E09?bookId=235 HTTP/1.1" 200 7584 "-" "Yanga WorldSearch Bot v1.1/beta (http://www.yanga.co.uk/)"
91.205.124.11 - - [28/Dec/2008:04:03:45 -0700] "GET /slideshow.do;jsessionid=0BC6D071540D140256658A94BCF46E09?bookId=250 HTTP/1.1" 200 32148 "-" "Yanga WorldSearch Bot v1.1/beta (http://www.yanga.co.uk/)"
66.249.71.19 - - [28/Dec/2008:04:03:51 -0700] "GET /pic.do;jsessionid=13FD7E4F6ABA73D20509E246E94ADDD9?picId=1431&bookId=109 HTTP/1.1" 200 5169 "-" "Mozilla/5.0 (compatible; Googlebot/2.1; +http://www.google.com/bot.html)"
91.205.124.11 - - [28/Dec/2008:04:04:13 -0700] "GET /pic.do;jsessionid=0BC6D071540D140256658A94BCF46E09?picId=4288&bookId=250 HTTP/1.1" 200 5458 "-" "Yanga WorldSearch Bot v1.1/beta (http://www.yanga.co.uk/)"
91.205.124.11 - - [28/Dec/2008:04:04:42 -0700] "GET /pic.do;jsessionid=0BC6D071540D140256658A94BCF46E09?picId=4285&bookId=250 HTTP/1.1" 200 5729 "-" "Yanga WorldSearch Bot v1.1/beta (http://www.yanga.co.uk/)"
91.205.124.11 - - [28/Dec/2008:04:05:09 -0700] "GET /pic.do;jsessionid=0BC6D071540D140256658A94BCF46E09?picId=4289&bookId=250 HTTP/1.1" 200 5710 "-" "Yanga WorldSearch Bot v1.1/beta (http://www.yanga.co.uk/)"
91.205.124.11 - - [28/Dec/2008:04:05:37 -0700] "GET /pic.do;jsessionid=0BC6D071540D140256658A94BCF46E09?picId=4290&bookId=250 HTTP/1.1" 200 5756 "-" "Yanga WorldSearch Bot v1.1/beta (http://www.yanga.co.uk/)"
72.30.81.166 - - [28/Dec/2008:04:05:49 -0700] "GET /album.do?bookId=34 HTTP/1.0" 200 7947 "-" "Mozilla/5.0 (compatible; Yahoo! Slurp; http://help.yahoo.com/help/us/ysearch/slurp)"
91.205.124.11 - - [28/Dec/2008:04:06:05 -0700] "GET /pic.do;jsessionid=0BC6D071540D140256658A94BCF46E09?picId=4291&bookId=250 HTTP/1.1" 200 5760 "-" "Yanga WorldSearch Bot v1.1/beta (http://www.yanga.co.uk/)"
91.205.124.11 - - [28/Dec/2008:04:06:34 -0700] "GET /pic.do;jsessionid=0BC6D071540D140256658A94BCF46E09?picId=4292&bookId=250 HTTP/1.1" 200 5724 "-" "Yanga WorldSearch Bot v1.1/beta (http://www.yanga.co.uk/)"
91.205.124.11 - - [28/Dec/2008:04:07:02 -0700] "GET /pic.do;jsessionid=0BC6D071540D140256658A94BCF46E09?picId=4306&bookId=250 HTTP/1.1" 200 5727 "-" "Yanga WorldSearch Bot v1.1/beta (http://www.yanga.co.uk/)"
91.205.124.11 - - [28/Dec/2008:04:07:30 -0700] "GET /pic.do;jsessionid=0BC6D071540D140256658A94BCF46E09?picId=4307&bookId=250 HTTP/1.1" 200 5757 "-" "Yanga WorldSearch Bot v1.1/beta (http://www.yanga.co.uk/)"
91.205.124.11 - - [28/Dec/2008:04:07:58 -0700] "GET /pic.do;jsessionid=0BC6D071540D140256658A94BCF46E09?picId=4315&bookId=250 HTTP/1.1" 200 5733 "-" "Yanga WorldSearch Bot v1.1/beta (http://www.yanga.co.uk/)"
91.205.124.11 - - [28/Dec/2008:04:08:26 -0700] "GET /pic.do;jsessionid=0BC6D071540D140256658A94BCF46E09?picId=4316&bookId=250 HTTP/1.1" 200 5707 "-" "Yanga WorldSearch Bot v1.1/beta (http://www.yanga.co.uk/)"
91.205.124.11 - - [28/Dec/2008:04:08:53 -0700] "GET /pic.do;jsessionid=0BC6D071540D140256658A94BCF46E09?picId=4365&bookId=250 HTTP/1.1" 200 5725 "-" "Yanga WorldSearch Bot v1.1/beta (http://www.yanga.co.uk/)"
91.205.124.11 - - [28/Dec/2008:04:09:21 -0700] "GET /pic.do;jsessionid=0BC6D071540D140256658A94BCF46E09?picId=4366&bookId=250 HTTP/1.1" 200 5751 "-" "Yanga WorldSearch Bot v1.1/beta (http://www.yanga.co.uk/)"
91.205.124.11 - - [28/Dec/2008:04:09:49 -0700] "GET /pic.do;jsessionid=0BC6D071540D140256658A94BCF46E09?picId=4380&bookId=250 HTTP/1.1" 200 5771 "-" "Yanga WorldSearch Bot v1.1/beta (http://www.yanga.co.uk/)"
66.249.71.19 - - [28/Dec/2008:04:09:49 -0700] "GET /slideshow.do;jsessionid=3DC5245C8F6A5DB2D4D35BD2A80CE8F8?bookId=117 HTTP/1.1" 200 14393 "-" "Mozilla/5.0 (compatible; Googlebot/2.1; +http://www.google.com/bot.html)"
61.135.168.39 - - [28/Dec/2008:04:10:06 -0700] "GET / HTTP/1.1" 200 3124 "-" "Baiduspider+(+http://www.baidu.com/search/spider.htm)"
91.205.124.11 - - [28/Dec/2008:04:10:16 -0700] "GET /pic.do;jsessionid=0BC6D071540D140256658A94BCF46E09?picId=4420&bookId=250 HTTP/1.1" 200 5745 "-" "Yanga WorldSearch Bot v1.1/beta (http://www.yanga.co.uk/)"
220.181.32.22 - - [28/Dec/2008:04:10:31 -0700] "GET / HTTP/1.1" 200 3124 "-" "Baiduspider+(+http://www.baidu.com/search/spider.htm)"
91.205.124.11 - - [28/Dec/2008:04:10:43 -0700] "GET /pic.do;jsessionid=0BC6D071540D140256658A94BCF46E09?picId=4421&bookId=250 HTTP/1.1" 200 5701 "-" "Yanga WorldSearch Bot v1.1/beta (http://www.yanga.co.uk/)"
91.205.124.11 - - [28/Dec/2008:04:11:10 -0700] "GET /pic.do;jsessionid=0BC6D071540D140256658A94BCF46E09?picId=4422&bookId=250 HTTP/1.1" 200 5743 "-" "Yanga WorldSearch Bot v1.1/beta (http://www.yanga.co.uk/)"
91.205.124.11 - - [28/Dec/2008:04:11:39 -0700] "GET /pic.do;jsessionid=0BC6D071540D140256658A94BCF46E09?picId=4434&bookId=250 HTTP/1.1" 200 5811 "-" "Yanga WorldSearch Bot v1.1/beta (http://www.yanga.co.uk/)"
91.205.124.11 - - [28/Dec/2008:04:12:07 -0700] "GET /pic.do;jsessionid=0BC6D071540D140256658A94BCF46E09?picId=4468&bookId=250 HTTP/1.1" 200 5778 "-" "Yanga WorldSearch Bot v1.1/beta (http://www.yanga.co.uk/)"
91.205.124.11 - - [28/Dec/2008:04:12:35 -0700] "GET /pic.do;jsessionid=0BC6D071540D140256658A94BCF46E09?picId=4469&bookId=250 HTTP/1.1" 200 5706 "-" "Yanga WorldSearch Bot v1.1/beta (http://www.yanga.co.uk/)"
91.205.124.11 - - [28/Dec/2008:04:13:03 -0700] "GET /pic.do;jsessionid=0BC6D071540D140256658A94BCF46E09?picId=4470&bookId=250 HTTP/1.1" 200 5706 "-" "Yanga WorldSearch Bot v1.1/beta (http://www.yanga.co.uk/)"
91.205.124.11 - - [28/Dec/2008:04:13:31 -0700] "GET /pic.do;jsessionid=0BC6D071540D140256658A94BCF46E09?picId=4471&bookId=250 HTTP/1.1" 200 5740 "-" "Yanga WorldSearch Bot v1.1/beta (http://www.yanga.co.uk/)"
91.205.124.11 - - [28/Dec/2008:04:14:01 -0700] "GET /pic.do;jsessionid=0BC6D071540D140256658A94BCF46E09?picId=4472&bookId=250 HTTP/1.1" 200 5736 "-" "Yanga WorldSearch Bot v1.1/beta (http://www.yanga.co.uk/)"
91.205.124.11 - - [28/Dec/2008:04:14:29 -0700] "GET /pic.do;jsessionid=0BC6D071540D140256658A94BCF46E09?picId=4473&bookId=250 HTTP/1.1" 200 5714 "-" "Yanga WorldSearch Bot v1.1/beta (http://www.yanga.co.uk/)"
91.205.124.11 - - [28/Dec/2008:04:14:57 -0700] "GET /pic.do;jsessionid=0BC6D071540D140256658A94BCF46E09?picId=4494&bookId=250 HTTP/1.1" 200 5706 "-" "Yanga WorldSearch Bot v1.1/beta (http://www.yanga.co.uk/)"
91.205.124.11 - - [28/Dec/2008:04:15:26 -0700] "GET /pic.do;jsessionid=0BC6D071540D140256658A94BCF46E09?picId=4495&bookId=250 HTTP/1.1" 200 5730 "-" "Yanga WorldSearch Bot v1.1/beta (http://www.yanga.co.uk/)"
66.249.71.20 - - [28/Dec/2008:04:15:48 -0700] "GET /pic.do;jsessionid=BD555C4AE58AED5635B629E13AE2D032?picId=1420&bookId=108 HTTP/1.1" 200 5497 "-" "Mozilla/5.0 (compatible; Googlebot/2.1; +http://www.google.com/bot.html)"
91.205.124.11 - - [28/Dec/2008:04:15:53 -0700] "GET /pic.do;jsessionid=0BC6D071540D140256658A94BCF46E09?picId=4503&bookId=250 HTTP/1.1" 200 5748 "-" "Yanga WorldSearch Bot v1.1/beta (http://www.yanga.co.uk/)"
91.205.124.11 - - [28/Dec/2008:04:16:21 -0700] "GET /pic.do;jsessionid=0BC6D071540D140256658A94BCF46E09?picId=4506&bookId=250 HTTP/1.1" 200 5729 "-" "Yanga WorldSearch Bot v1.1/beta (http://www.yanga.co.uk/)"
91.205.124.11 - - [28/Dec/2008:04:16:49 -0700] "GET /pic.do;jsessionid=0BC6D071540D140256658A94BCF46E09?picId=4507&bookId=250 HTTP/1.1" 200 5705 "-" "Yanga WorldSearch Bot v1.1/beta (http://www.yanga.co.uk/)"
91.205.124.11 - - [28/Dec/2008:04:17:21 -0700] "GET /pic.do;jsessionid=0BC6D071540D140256658A94BCF46E09?picId=4508&bookId=250 HTTP/1.1" 200 5701 "-" "Yanga WorldSearch Bot v1.1/beta (http://www.yanga.co.uk/)"
91.205.124.11 - - [28/Dec/2008:04:17:49 -0700] "GET /pic.do;jsessionid=0BC6D071540D140256658A94BCF46E09?picId=4509&bookId=250 HTTP/1.1" 200 5707 "-" "Yanga WorldSearch Bot v1.1/beta (http://www.yanga.co.uk/)"
91.205.124.11 - - [28/Dec/2008:04:18:13 -0700] "GET /pic.do;jsessionid=0BC6D071540D140256658A94BCF46E09?picId=4516&bookId=250 HTTP/1.1" 200 5737 "-" "Yanga WorldSearch Bot v1.1/beta (http://www.yanga.co.uk/)"
91.205.124.11 - - [28/Dec/2008:04:18:41 -0700] "GET /pic.do;jsessionid=0BC6D071540D140256658A94BCF46E09?picId=4527&bookId=250 HTTP/1.1" 200 5763 "-" "Yanga WorldSearch Bot v1.1/beta (http://www.yanga.co.uk/)"
91.205.124.11 - - [28/Dec/2008:04:19:09 -0700] "GET /pic.do;jsessionid=0BC6D071540D140256658A94BCF46E09?picId=4528&bookId=250 HTTP/1.1" 200 5831 "-" "Yanga WorldSearch Bot v1.1/beta (http://www.yanga.co.uk/)"
91.205.124.11 - - [28/Dec/2008:04:19:37 -0700] "GET /pic.do;jsessionid=0BC6D071540D140256658A94BCF46E09?picId=4538&bookId=250 HTTP/1.1" 200 5859 "-" "Yanga WorldSearch Bot v1.1/beta (http://www.yanga.co.uk/)"
91.205.124.11 - - [28/Dec/2008:04:20:05 -0700] "GET /pic.do;jsessionid=0BC6D071540D140256658A94BCF46E09?picId=4539&bookId=250 HTTP/1.1" 200 5809 "-" "Yanga WorldSearch Bot v1.1/beta (http://www.yanga.co.uk/)"
91.205.124.11 - - [28/Dec/2008:04:20:32 -0700] "GET /pic.do;jsessionid=0BC6D071540D140256658A94BCF46E09?picId=4540&bookId=250 HTTP/1.1" 200 5743 "-" "Yanga WorldSearch Bot v1.1/beta (http://www.yanga.co.uk/)"
91.205.124.11 - - [28/Dec/2008:04:21:01 -0700] "GET /pic.do;jsessionid=0BC6D071540D140256658A94BCF46E09?picId=4541&bookId=250 HTTP/1.1" 200 5775 "-" "Yanga WorldSearch Bot v1.1/beta (http://www.yanga.co.uk/)"
91.205.124.11 - - [28/Dec/2008:04:21:30 -0700] "GET /pic.do;jsessionid=0BC6D071540D140256658A94BCF46E09?picId=4546&bookId=250 HTTP/1.1" 200 5871 "-" "Yanga WorldSearch Bot v1.1/beta (http://www.yanga.co.uk/)"
91.205.124.11 - - [28/Dec/2008:04:21:57 -0700] "GET /pic.do;jsessionid=0BC6D071540D140256658A94BCF46E09?picId=4547&bookId=250 HTTP/1.1" 200 5927 "-" "Yanga WorldSearch Bot v1.1/beta (http://www.yanga.co.uk/)"
91.205.124.11 - - [28/Dec/2008:04:22:27 -0700] "GET /pic.do;jsessionid=0BC6D071540D140256658A94BCF46E09?picId=4564&bookId=250 HTTP/1.1" 200 5912 "-" "Yanga WorldSearch Bot v1.1/beta (http://www.yanga.co.uk/)"
91.205.124.11 - - [28/Dec/2008:04:22:52 -0700] "GET /pic.do;jsessionid=0BC6D071540D140256658A94BCF46E09?picId=4565&bookId=250 HTTP/1.1" 200 5824 "-" "Yanga WorldSearch Bot v1.1/beta (http://www.yanga.co.uk/)"
65.55.210.48 - - [28/Dec/2008:04:23:20 -0700] "GET /robots.txt HTTP/1.1" 200 24 "-" "msnbot/1.1 (+http://search.msn.com/msnbot.htm)"
91.205.124.11 - - [28/Dec/2008:04:23:20 -0700] "GET /pic.do;jsessionid=0BC6D071540D140256658A94BCF46E09?picId=4566&bookId=250 HTTP/1.1" 200 5788 "-" "Yanga WorldSearch Bot v1.1/beta (http://www.yanga.co.uk/)"
65.55.210.48 - - [28/Dec/2008:04:23:21 -0700] "GET /pic.do?picId=5709&bookId=302 HTTP/1.1" 200 5618 "-" "msnbot/1.1 (+http://search.msn.com/msnbot.htm)"
65.55.210.48 - - [28/Dec/2008:04:23:22 -0700] "GET /pic.do?picId=5693&bookId=302 HTTP/1.1" 200 5738 "-" "msnbot/1.1 (+http://search.msn.com/msnbot.htm)"
91.205.124.11 - - [28/Dec/2008:04:23:48 -0700] "GET /pic.do;jsessionid=0BC6D071540D140256658A94BCF46E09?picId=4567&bookId=250 HTTP/1.1" 200 5814 "-" "Yanga WorldSearch Bot v1.1/beta (http://www.yanga.co.uk/)"
91.205.124.11 - - [28/Dec/2008:04:24:16 -0700] "GET /pic.do;jsessionid=0BC6D071540D140256658A94BCF46E09?picId=4568&bookId=250 HTTP/1.1" 200 5788 "-" "Yanga WorldSearch Bot v1.1/beta (http://www.yanga.co.uk/)"
91.205.124.11 - - [28/Dec/2008:04:24:44 -0700] "GET /pic.do;jsessionid=0BC6D071540D140256658A94BCF46E09?picId=4587&bookId=250 HTTP/1.1" 200 5789 "-" "Yanga WorldSearch Bot v1.1/beta (http://www.yanga.co.uk/)"
91.205.124.11 - - [28/Dec/2008:04:25:12 -0700] "GET /pic.do;jsessionid=0BC6D071540D140256658A94BCF46E09?picId=4597&bookId=250 HTTP/1.1" 200 5791 "-" "Yanga WorldSearch Bot v1.1/beta (http://www.yanga.co.uk/)"
91.205.124.11 - - [28/Dec/2008:04:25:40 -0700] "GET /pic.do;jsessionid=0BC6D071540D140256658A94BCF46E09?picId=4659&bookId=250 HTTP/1.1" 200 5743 "-" "Yanga WorldSearch Bot v1.1/beta (http://www.yanga.co.uk/)"
91.205.124.11 - - [28/Dec/2008:04:26:08 -0700] "GET /pic.do;jsessionid=0BC6D071540D140256658A94BCF46E09?picId=4660&bookId=250 HTTP/1.1" 200 5765 "-" "Yanga WorldSearch Bot v1.1/beta (http://www.yanga.co.uk/)"
91.205.124.11 - - [28/Dec/2008:04:26:35 -0700] "GET /pic.do;jsessionid=0BC6D071540D140256658A94BCF46E09?picId=4661&bookId=250 HTTP/1.1" 200 5801 "-" "Yanga WorldSearch Bot v1.1/beta (http://www.yanga.co.uk/)"
91.205.124.11 - - [28/Dec/2008:04:27:03 -0700] "GET /pic.do;jsessionid=0BC6D071540D140256658A94BCF46E09?picId=4662&bookId=250 HTTP/1.1" 200 5485 "-" "Yanga WorldSearch Bot v1.1/beta (http://www.yanga.co.uk/)"
91.205.124.11 - - [28/Dec/2008:04:27:32 -0700] "GET /album.do;jsessionid=9A9ABFAFB1DC368E03A3C1C2AD9D6D43?bookId=89 HTTP/1.1" 200 5883 "-" "Yanga WorldSearch Bot v1.1/beta (http://www.yanga.co.uk/)"
66.249.71.19 - - [28/Dec/2008:04:27:46 -0700] "GET /pic.do;jsessionid=F6315F9DF2DCDB083DDF81D7851BCC8F?picId=1646&bookId=117 HTTP/1.1" 200 5510 "-" "Mozilla/5.0 (compatible; Googlebot/2.1; +http://www.google.com/bot.html)"
91.205.124.11 - - [28/Dec/2008:04:27:59 -0700] "GET /album.do;jsessionid=9A9ABFAFB1DC368E03A3C1C2AD9D6D43?bookId=101 HTTP/1.1" 200 6797 "-" "Yanga WorldSearch Bot v1.1/beta (http://www.yanga.co.uk/)"
65.55.210.56 - - [28/Dec/2008:04:28:11 -0700] "GET /album.do?bookId=258 HTTP/1.1" 200 6533 "-" "msnbot/1.1 (+http://search.msn.com/msnbot.htm)"
72.30.81.166 - - [28/Dec/2008:04:28:19 -0700] "GET /album.do?picId=3347&bookId=241 HTTP/1.0" 200 32725 "-" "Mozilla/5.0 (compatible; Yahoo! Slurp; http://help.yahoo.com/help/us/ysearch/slurp)"
91.205.124.11 - - [28/Dec/2008:04:28:26 -0700] "GET /slideshow.do;jsessionid=9A9ABFAFB1DC368E03A3C1C2AD9D6D43?bookId=249 HTTP/1.1" 200 10354 "-" "Yanga WorldSearch Bot v1.1/beta (http://www.yanga.co.uk/)"
91.205.124.11 - - [28/Dec/2008:04:28:55 -0700] "GET /pic.do;jsessionid=9A9ABFAFB1DC368E03A3C1C2AD9D6D43?picId=4269&bookId=249 HTTP/1.1" 200 5447 "-" "Yanga WorldSearch Bot v1.1/beta (http://www.yanga.co.uk/)"
91.205.124.11 - - [28/Dec/2008:04:29:22 -0700] "GET /pic.do;jsessionid=9A9ABFAFB1DC368E03A3C1C2AD9D6D43?picId=4270&bookId=249 HTTP/1.1" 200 5707 "-" "Yanga WorldSearch Bot v1.1/beta (http://www.yanga.co.uk/)"
91.205.124.11 - - [28/Dec/2008:04:29:51 -0700] "GET /pic.do;jsessionid=9A9ABFAFB1DC368E03A3C1C2AD9D6D43?picId=4271&bookId=249 HTTP/1.1" 200 5701 "-" "Yanga WorldSearch Bot v1.1/beta (http://www.yanga.co.uk/)"
91.205.124.11 - - [28/Dec/2008:04:30:18 -0700] "GET /pic.do;jsessionid=9A9ABFAFB1DC368E03A3C1C2AD9D6D43?picId=4272&bookId=249 HTTP/1.1" 200 5663 "-" "Yanga WorldSearch Bot v1.1/beta (http://www.yanga.co.uk/)"
91.205.124.11 - - [28/Dec/2008:04:30:47 -0700] "GET /pic.do;jsessionid=9A9ABFAFB1DC368E03A3C1C2AD9D6D43?picId=4273&bookId=249 HTTP/1.1" 200 5635 "-" "Yanga WorldSearch Bot v1.1/beta (http://www.yanga.co.uk/)"
91.205.124.11 - - [28/Dec/2008:04:31:15 -0700] "GET /pic.do;jsessionid=9A9ABFAFB1DC368E03A3C1C2AD9D6D43?picId=4274&bookId=249 HTTP/1.1" 200 5675 "-" "Yanga WorldSearch Bot v1.1/beta (http://www.yanga.co.uk/)"
65.55.210.58 - - [28/Dec/2008:04:31:27 -0700] "GET /robots.txt HTTP/1.1" 200 24 "-" "msnbot/1.1 (+http://search.msn.com/msnbot.htm)"
65.55.210.58 - - [28/Dec/2008:04:31:28 -0700] "GET /pic.do?picId=7130&bookId=360 HTTP/1.1" 200 5753 "-" "msnbot/1.1 (+http://search.msn.com/msnbot.htm)"
72.14.199.54 - - [28/Dec/2008:04:31:29 -0700] "GET /rss/albumsrss.xml HTTP/1.1" 304 - "-" "Feedfetcher-Google; (+http://www.google.com/feedfetcher.html; 1 subscribers; feed-id=4942691501231710884)"
91.205.124.11 - - [28/Dec/2008:04:31:42 -0700] "GET /pic.do;jsessionid=9A9ABFAFB1DC368E03A3C1C2AD9D6D43?picId=4275&bookId=249 HTTP/1.1" 200 5705 "-" "Yanga WorldSearch Bot v1.1/beta (http://www.yanga.co.uk/)"
91.205.124.11 - - [28/Dec/2008:04:32:10 -0700] "GET /pic.do;jsessionid=9A9ABFAFB1DC368E03A3C1C2AD9D6D43?picId=4276&bookId=249 HTTP/1.1" 200 5737 "-" "Yanga WorldSearch Bot v1.1/beta (http://www.yanga.co.uk/)"
65.55.210.59 - - [28/Dec/2008:04:32:13 -0700] "GET /pic.do?picId=657&bookId=53 HTTP/1.1" 200 5580 "-" "msnbot/1.1 (+http://search.msn.com/msnbot.htm)"
91.205.124.11 - - [28/Dec/2008:04:32:37 -0700] "GET /pic.do;jsessionid=9A9ABFAFB1DC368E03A3C1C2AD9D6D43?picId=4277&bookId=249 HTTP/1.1" 200 5749 "-" "Yanga WorldSearch Bot v1.1/beta (http://www.yanga.co.uk/)"
91.205.124.11 - - [28/Dec/2008:04:33:05 -0700] "GET /pic.do;jsessionid=9A9ABFAFB1DC368E03A3C1C2AD9D6D43?picId=4282&bookId=249 HTTP/1.1" 200 5686 "-" "Yanga WorldSearch Bot v1.1/beta (http://www.yanga.co.uk/)"
91.205.124.11 - - [28/Dec/2008:04:33:33 -0700] "GET /pic.do;jsessionid=9A9ABFAFB1DC368E03A3C1C2AD9D6D43?picId=4283&bookId=249 HTTP/1.1" 200 5652 "-" "Yanga WorldSearch Bot v1.1/beta (http://www.yanga.co.uk/)"
66.249.71.19 - - [28/Dec/2008:04:33:45 -0700] "GET /pic.do;jsessionid=6F69F03535EFCDEF5F9439DD35644A68?picId=5355&bookId=283 HTTP/1.1" 200 5630 "-" "Mozilla/5.0 (compatible; Googlebot/2.1; +http://www.google.com/bot.html)"
91.205.124.11 - - [28/Dec/2008:04:34:01 -0700] "GET /pic.do;jsessionid=9A9ABFAFB1DC368E03A3C1C2AD9D6D43?picId=4284&bookId=249 HTTP/1.1" 200 5380 "-" "Yanga WorldSearch Bot v1.1/beta (http://www.yanga.co.uk/)"
91.205.124.11 - - [28/Dec/2008:04:34:30 -0700] "GET /album.do;jsessionid=BA36E7441EC01BD2B8F02746F0134EA4?bookId=135 HTTP/1.1" 200 6948 "-" "Yanga WorldSearch Bot v1.1/beta (http://www.yanga.co.uk/)"
65.55.105.12 - - [28/Dec/2008:04:34:36 -0700] "GET /robots.txt HTTP/1.1" 200 24 "-" "msnbot/1.1 (+http://search.msn.com/msnbot.htm)"
65.55.105.12 - - [28/Dec/2008:04:34:37 -0700] "GET /album.do?bookId=115 HTTP/1.1" 200 34901 "-" "msnbot/1.1 (+http://search.msn.com/msnbot.htm)"
65.55.231.58 - - [28/Dec/2008:04:34:46 -0700] "GET /robots.txt HTTP/1.1" 200 24 "-" "msnbot-media/1.1 (+http://search.msn.com/msnbot.htm)"
65.55.231.58 - - [28/Dec/2008:04:34:46 -0700] "GET /pics/Alexander/Twelve%20to%20eighteen%20months/Zoo/Alex%20gets%20really%20excited_t.jpg HTTP/1.1" 200 7168 "-" "msnbot-media/1.1 (+http://search.msn.com/msnbot.htm)"
91.205.124.11 - - [28/Dec/2008:04:34:57 -0700] "GET /album.do;jsessionid=BA36E7441EC01BD2B8F02746F0134EA4?bookId=235 HTTP/1.1" 200 7584 "-" "Yanga WorldSearch Bot v1.1/beta (http://www.yanga.co.uk/)"
65.55.210.59 - - [28/Dec/2008:04:35:22 -0700] "GET /pic.do?picId=665&bookId=54 HTTP/1.1" 200 5612 "-" "msnbot/1.1 (+http://search.msn.com/msnbot.htm)"
91.205.124.11 - - [28/Dec/2008:04:35:26 -0700] "GET /slideshow.do;jsessionid=BA36E7441EC01BD2B8F02746F0134EA4?bookId=248 HTTP/1.1" 200 16417 "-" "Yanga WorldSearch Bot v1.1/beta (http://www.yanga.co.uk/)"
91.205.124.11 - - [28/Dec/2008:04:35:53 -0700] "GET /pic.do;jsessionid=BA36E7441EC01BD2B8F02746F0134EA4?picId=4241&bookId=248 HTTP/1.1" 200 5432 "-" "Yanga WorldSearch Bot v1.1/beta (http://www.yanga.co.uk/)"
91.205.124.11 - - [28/Dec/2008:04:36:22 -0700] "GET /pic.do;jsessionid=BA36E7441EC01BD2B8F02746F0134EA4?picId=4242&bookId=248 HTTP/1.1" 200 5710 "-" "Yanga WorldSearch Bot v1.1/beta (http://www.yanga.co.uk/)"
91.205.124.11 - - [28/Dec/2008:04:36:49 -0700] "GET /pic.do;jsessionid=BA36E7441EC01BD2B8F02746F0134EA4?picId=4243&bookId=248 HTTP/1.1" 200 5680 "-" "Yanga WorldSearch Bot v1.1/beta (http://www.yanga.co.uk/)"
91.205.124.11 - - [28/Dec/2008:04:37:17 -0700] "GET /pic.do;jsessionid=BA36E7441EC01BD2B8F02746F0134EA4?picId=4244&bookId=248 HTTP/1.1" 200 5686 "-" "Yanga WorldSearch Bot v1.1/beta (http://www.yanga.co.uk/)"
91.205.124.11 - - [28/Dec/2008:04:37:44 -0700] "GET /pic.do;jsessionid=BA36E7441EC01BD2B8F02746F0134EA4?picId=4245&bookId=248 HTTP/1.1" 200 5730 "-" "Yanga WorldSearch Bot v1.1/beta (http://www.yanga.co.uk/)"
91.205.124.11 - - [28/Dec/2008:04:38:13 -0700] "GET /pic.do;jsessionid=BA36E7441EC01BD2B8F02746F0134EA4?picId=4246&bookId=248 HTTP/1.1" 200 5726 "-" "Yanga WorldSearch Bot v1.1/beta (http://www.yanga.co.uk/)"
91.205.124.11 - - [28/Dec/2008:04:38:40 -0700] "GET /pic.do;jsessionid=BA36E7441EC01BD2B8F02746F0134EA4?picId=4247&bookId=248 HTTP/1.1" 200 5724 "-" "Yanga WorldSearch Bot v1.1/beta (http://www.yanga.co.uk/)"
91.205.124.11 - - [28/Dec/2008:04:39:07 -0700] "GET /pic.do;jsessionid=BA36E7441EC01BD2B8F02746F0134EA4?picId=4248&bookId=248 HTTP/1.1" 200 5762 "-" "Yanga WorldSearch Bot v1.1/beta (http://www.yanga.co.uk/)"
91.205.124.11 - - [28/Dec/2008:04:39:35 -0700] "GET /pic.do;jsessionid=BA36E7441EC01BD2B8F02746F0134EA4?picId=4249&bookId=248 HTTP/1.1" 200 5784 "-" "Yanga WorldSearch Bot v1.1/beta (http://www.yanga.co.uk/)"
66.249.71.21 - - [28/Dec/2008:04:39:44 -0700] "GET /pic.do;jsessionid=CC2C8F3D65C061B6ABB090FE11E135AD?picId=1550&bookId=113 HTTP/1.1" 200 5595 "-" "Mozilla/5.0 (compatible; Googlebot/2.1; +http://www.google.com/bot.html)"
