91.205.124.11 - - [28/Dec/2008:04:40:04 -0700] "GET /pic.do;jsessionid=BA36E7441EC01BD2B8F02746F0134EA4?picId=4250&bookId=248 HTTP/1.1" 200 5736 "-" "Yanga WorldSearch Bot v1.1/beta (http://www.yanga.co.uk/)"
91.205.124.11 - - [28/Dec/2008:04:40:31 -0700] "GET /pic.do;jsessionid=BA36E7441EC01BD2B8F02746F0134EA4?picId=4251&bookId=248 HTTP/1.1" 200 5644 "-" "Yanga WorldSearch Bot v1.1/beta (http://www.yanga.co.uk/)"
91.205.124.11 - - [28/Dec/2008:04:40:58 -0700] "GET /pic.do;jsessionid=BA36E7441EC01BD2B8F02746F0134EA4?picId=4252&bookId=248 HTTP/1.1" 200 5638 "-" "Yanga WorldSearch Bot v1.1/beta (http://www.yanga.co.uk/)"
91.205.124.11 - - [28/Dec/2008:04:41:25 -0700] "GET /pic.do;jsessionid=BA36E7441EC01BD2B8F02746F0134EA4?picId=4253&bookId=248 HTTP/1.1" 200 5674 "-" "Yanga WorldSearch Bot v1.1/beta (http://www.yanga.co.uk/)"
91.205.124.11 - - [28/Dec/2008:04:41:53 -0700] "GET /pic.do;jsessionid=BA36E7441EC01BD2B8F02746F0134EA4?picId=4254&bookId=248 HTTP/1.1" 200 5744 "-" "Yanga WorldSearch Bot v1.1/beta (http://www.yanga.co.uk/)"
91.205.124.11 - - [28/Dec/2008:04:42:21 -0700] "GET /pic.do;jsessionid=BA36E7441EC01BD2B8F02746F0134EA4?picId=4529&bookId=248 HTTP/1.1" 200 5835 "-" "Yanga WorldSearch Bot v1.1/beta (http://www.yanga.co.uk/)"
91.205.124.11 - - [28/Dec/2008:04:42:48 -0700] "GET /pic.do;jsessionid=BA36E7441EC01BD2B8F02746F0134EA4?picId=4530&bookId=248 HTTP/1.1" 200 5857 "-" "Yanga WorldSearch Bot v1.1/beta (http://www.yanga.co.uk/)"
91.205.124.11 - - [28/Dec/2008:04:43:15 -0700] "GET /pic.do;jsessionid=BA36E7441EC01BD2B8F02746F0134EA4?picId=4531&bookId=248 HTTP/1.1" 200 5801 "-" "Yanga WorldSearch Bot v1.1/beta (http://www.yanga.co.uk/)"
91.205.124.11 - - [28/Dec/2008:04:43:43 -0700] "GET /pic.do;jsessionid=BA36E7441EC01BD2B8F02746F0134EA4?picId=4532&bookId=248 HTTP/1.1" 200 5747 "-" "Yanga WorldSearch Bot v1.1/beta (http://www.yanga.co.uk/)"
91.205.124.11 - - [28/Dec/2008:04:44:10 -0700] "GET /pic.do;jsessionid=BA36E7441EC01BD2B8F02746F0134EA4?picId=4533&bookId=248 HTTP/1.1" 200 5693 "-" "Yanga WorldSearch Bot v1.1/beta (http://www.yanga.co.uk/)"
91.205.124.11 - - [28/Dec/2008:04:44:38 -0700] "GET /pic.do;jsessionid=BA36E7441EC01BD2B8F02746F0134EA4?picId=4534&bookId=248 HTTP/1.1" 200 5699 "-" "Yanga WorldSearch Bot v1.1/beta (http://www.yanga.co.uk/)"
65.55.210.59 - - [28/Dec/2008:04:45:00 -0700] "GET /pic.do?picId=4404&bookId=255 HTTP/1.1" 200 5604 "-" "msnbot/1.1 (+http://search.msn.com/msnbot.htm)"
91.205.124.11 - - [28/Dec/2008:04:45:05 -0700] "GET /pic.do;jsessionid=BA36E7441EC01BD2B8F02746F0134EA4?picId=4535&bookId=248 HTTP/1.1" 200 5467 "-" "Yanga WorldSearch Bot v1.1/beta (http://www.yanga.co.uk/)"
91.205.124.11 - - [28/Dec/2008:04:45:33 -0700] "GET /album.do;jsessionid=17CD7D35635D43569CEB4CFFABD93653?bookId=135 HTTP/1.1" 200 6948 "-" "Yanga WorldSearch Bot v1.1/beta (http://www.yanga.co.uk/)"
66.249.71.22 - - [28/Dec/2008:04:45:43 -0700] "GET /pic.do;jsessionid=FCB57412DA13C8AA091F83E501CAFB82?picId=2333&bookId=153 HTTP/1.1" 200 5768 "-" "Mozilla/5.0 (compatible; Googlebot/2.1; +http://www.google.com/bot.html)"
91.205.124.11 - - [28/Dec/2008:04:46:00 -0700] "GET /album.do;jsessionid=17CD7D35635D43569CEB4CFFABD93653?bookId=235 HTTP/1.1" 200 7584 "-" "Yanga WorldSearch Bot v1.1/beta (http://www.yanga.co.uk/)"
65.55.51.9 - - [28/Dec/2008:04:46:19 -0700] "GET /rss/albumsrss.xml HTTP/1.1" 200 8734 "-" "msnbot/1.1 (+http://search.msn.com/msnbot.htm)"
91.205.124.11 - - [28/Dec/2008:04:46:28 -0700] "GET /slideshow.do;jsessionid=17CD7D35635D43569CEB4CFFABD93653?bookId=247 HTTP/1.1" 200 13067 "-" "Yanga WorldSearch Bot v1.1/beta (http://www.yanga.co.uk/)"
66.231.189.108 - - [28/Dec/2008:04:46:44 -0700] "GET /robots.txt HTTP/1.0" 200 24 "-" "Gigabot/3.0 (http://www.gigablast.com/spider.html)"
66.231.189.108 - - [28/Dec/2008:04:46:45 -0700] "GET /pic.do?picId=7173&bookId=360 HTTP/1.0" 200 5823 "-" "Gigabot/3.0 (http://www.gigablast.com/spider.html)"
91.205.124.11 - - [28/Dec/2008:04:46:56 -0700] "GET /pic.do;jsessionid=17CD7D35635D43569CEB4CFFABD93653?picId=4197&bookId=247 HTTP/1.1" 200 5450 "-" "Yanga WorldSearch Bot v1.1/beta (http://www.yanga.co.uk/)"
91.205.124.11 - - [28/Dec/2008:04:47:24 -0700] "GET /pic.do;jsessionid=17CD7D35635D43569CEB4CFFABD93653?picId=4198&bookId=247 HTTP/1.1" 200 5720 "-" "Yanga WorldSearch Bot v1.1/beta (http://www.yanga.co.uk/)"
91.205.124.11 - - [28/Dec/2008:04:47:52 -0700] "GET /pic.do;jsessionid=17CD7D35635D43569CEB4CFFABD93653?picId=4199&bookId=247 HTTP/1.1" 200 5696 "-" "Yanga WorldSearch Bot v1.1/beta (http://www.yanga.co.uk/)"
91.205.124.11 - - [28/Dec/2008:04:48:20 -0700] "GET /pic.do;jsessionid=17CD7D35635D43569CEB4CFFABD93653?picId=4200&bookId=247 HTTP/1.1" 200 5679 "-" "Yanga WorldSearch Bot v1.1/beta (http://www.yanga.co.uk/)"
91.205.124.11 - - [28/Dec/2008:04:48:47 -0700] "GET /pic.do;jsessionid=17CD7D35635D43569CEB4CFFABD93653?picId=4201&bookId=247 HTTP/1.1" 200 5699 "-" "Yanga WorldSearch Bot v1.1/beta (http://www.yanga.co.uk/)"
91.205.124.11 - - [28/Dec/2008:04:49:15 -0700] "GET /pic.do;jsessionid=17CD7D35635D43569CEB4CFFABD93653?picId=4202&bookId=247 HTTP/1.1" 200 5693 "-" "Yanga WorldSearch Bot v1.1/beta (http://www.yanga.co.uk/)"
65.55.231.69 - - [28/Dec/2008:04:49:40 -0700] "GET /robots.txt HTTP/1.1" 200 24 "-" "msnbot-media/1.1 (+http://search.msn.com/msnbot.htm)"
65.55.231.69 - - [28/Dec/2008:04:49:41 -0700] "GET /pics/Alexander/Zoo/Holding%20on_t.jpg HTTP/1.1" 200 10240 "-" "msnbot-media/1.1 (+http://search.msn.com/msnbot.htm)"
91.205.124.11 - - [28/Dec/2008:04:49:43 -0700] "GET /pic.do;jsessionid=17CD7D35635D43569CEB4CFFABD93653?picId=4203&bookId=247 HTTP/1.1" 200 5685 "-" "Yanga WorldSearch Bot v1.1/beta (http://www.yanga.co.uk/)"
91.205.124.11 - - [28/Dec/2008:04:50:10 -0700] "GET /pic.do;jsessionid=17CD7D35635D43569CEB4CFFABD93653?picId=4204&bookId=247 HTTP/1.1" 200 5649 "-" "Yanga WorldSearch Bot v1.1/beta (http://www.yanga.co.uk/)"
91.205.124.11 - - [28/Dec/2008:04:50:41 -0700] "GET /pic.do;jsessionid=17CD7D35635D43569CEB4CFFABD93653?picId=4205&bookId=247 HTTP/1.1" 200 5619 "-" "Yanga WorldSearch Bot v1.1/beta (http://www.yanga.co.uk/)"
91.205.124.11 - - [28/Dec/2008:04:51:05 -0700] "GET /pic.do;jsessionid=17CD7D35635D43569CEB4CFFABD93653?picId=4206&bookId=247 HTTP/1.1" 200 5683 "-" "Yanga WorldSearch Bot v1.1/beta (http://www.yanga.co.uk/)"
91.205.124.11 - - [28/Dec/2008:04:51:33 -0700] "GET /pic.do;jsessionid=17CD7D35635D43569CEB4CFFABD93653?picId=4207&bookId=247 HTTP/1.1" 200 5761 "-" "Yanga WorldSearch Bot v1.1/beta (http://www.yanga.co.uk/)"
66.249.71.21 - - [28/Dec/2008:04:51:42 -0700] "GET /pic.do;jsessionid=A4616FAFE524E8BC53602FD7E2A5271E?picId=1524&bookId=112 HTTP/1.1" 200 5507 "-" "Mozilla/5.0 (compatible; Googlebot/2.1; +http://www.google.com/bot.html)"
91.205.124.11 - - [28/Dec/2008:04:52:01 -0700] "GET /pic.do;jsessionid=17CD7D35635D43569CEB4CFFABD93653?picId=4208&bookId=247 HTTP/1.1" 200 5739 "-" "Yanga WorldSearch Bot v1.1/beta (http://www.yanga.co.uk/)"
91.205.124.11 - - [28/Dec/2008:04:52:28 -0700] "GET /pic.do;jsessionid=17CD7D35635D43569CEB4CFFABD93653?picId=4209&bookId=247 HTTP/1.1" 200 5679 "-" "Yanga WorldSearch Bot v1.1/beta (http://www.yanga.co.uk/)"
72.30.87.111 - - [28/Dec/2008:04:52:38 -0700] "GET /album.do HTTP/1.0" 200 7755 "-" "Mozilla/5.0 (compatible; Yahoo! Slurp; http://help.yahoo.com/help/us/ysearch/slurp)"
91.205.124.11 - - [28/Dec/2008:04:52:56 -0700] "GET /pic.do;jsessionid=17CD7D35635D43569CEB4CFFABD93653?picId=4210&bookId=247 HTTP/1.1" 200 5643 "-" "Yanga WorldSearch Bot v1.1/beta (http://www.yanga.co.uk/)"
91.205.124.11 - - [28/Dec/2008:04:53:23 -0700] "GET /pic.do;jsessionid=17CD7D35635D43569CEB4CFFABD93653?picId=4214&bookId=247 HTTP/1.1" 200 5671 "-" "Yanga WorldSearch Bot v1.1/beta (http://www.yanga.co.uk/)"
91.205.124.11 - - [28/Dec/2008:04:53:49 -0700] "GET /pic.do;jsessionid=17CD7D35635D43569CEB4CFFABD93653?picId=4211&bookId=247 HTTP/1.1" 200 5705 "-" "Yanga WorldSearch Bot v1.1/beta (http://www.yanga.co.uk/)"
91.205.124.11 - - [28/Dec/2008:04:54:16 -0700] "GET /pic.do;jsessionid=17CD7D35635D43569CEB4CFFABD93653?picId=4212&bookId=247 HTTP/1.1" 200 5381 "-" "Yanga WorldSearch Bot v1.1/beta (http://www.yanga.co.uk/)"
91.205.124.11 - - [28/Dec/2008:04:54:43 -0700] "GET /album.do;jsessionid=6D9ABAA2468F766D6F2D6A5726540FCA?bookId=48 HTTP/1.1" 200 5582 "-" "Yanga WorldSearch Bot v1.1/beta (http://www.yanga.co.uk/)"
91.205.124.11 - - [28/Dec/2008:04:55:14 -0700] "GET /album.do;jsessionid=6D9ABAA2468F766D6F2D6A5726540FCA?bookId=49 HTTP/1.1" 200 4964 "-" "Yanga WorldSearch Bot v1.1/beta (http://www.yanga.co.uk/)"
91.205.124.11 - - [28/Dec/2008:04:55:38 -0700] "GET /slideshow.do;jsessionid=6D9ABAA2468F766D6F2D6A5726540FCA?bookId=246 HTTP/1.1" 200 9219 "-" "Yanga WorldSearch Bot v1.1/beta (http://www.yanga.co.uk/)"
91.205.124.11 - - [28/Dec/2008:04:56:05 -0700] "GET /pic.do;jsessionid=6D9ABAA2468F766D6F2D6A5726540FCA?picId=4186&bookId=246 HTTP/1.1" 200 5380 "-" "Yanga WorldSearch Bot v1.1/beta (http://www.yanga.co.uk/)"
91.205.124.11 - - [28/Dec/2008:04:56:33 -0700] "GET /pic.do;jsessionid=6D9ABAA2468F766D6F2D6A5726540FCA?picId=4187&bookId=246 HTTP/1.1" 200 5646 "-" "Yanga WorldSearch Bot v1.1/beta (http://www.yanga.co.uk/)"
65.55.210.48 - - [28/Dec/2008:04:56:46 -0700] "GET /pic.do?picId=4400&bookId=255 HTTP/1.1" 200 5618 "-" "msnbot/1.1 (+http://search.msn.com/msnbot.htm)"
91.205.124.11 - - [28/Dec/2008:04:57:00 -0700] "GET /pic.do;jsessionid=6D9ABAA2468F766D6F2D6A5726540FCA?picId=4188&bookId=246 HTTP/1.1" 200 5636 "-" "Yanga WorldSearch Bot v1.1/beta (http://www.yanga.co.uk/)"
91.205.124.11 - - [28/Dec/2008:04:57:27 -0700] "GET /pic.do;jsessionid=6D9ABAA2468F766D6F2D6A5726540FCA?picId=4189&bookId=246 HTTP/1.1" 200 5634 "-" "Yanga WorldSearch Bot v1.1/beta (http://www.yanga.co.uk/)"
66.249.71.22 - - [28/Dec/2008:04:57:41 -0700] "GET /pic.do;jsessionid=1EEB6A3E220061302534DF0FE4FD9EA6?picId=4658&bookId=251 HTTP/1.1" 200 5793 "-" "Mozilla/5.0 (compatible; Googlebot/2.1; +http://www.google.com/bot.html)"
91.205.124.11 - - [28/Dec/2008:04:57:54 -0700] "GET /pic.do;jsessionid=6D9ABAA2468F766D6F2D6A5726540FCA?picId=4190&bookId=246 HTTP/1.1" 200 5664 "-" "Yanga WorldSearch Bot v1.1/beta (http://www.yanga.co.uk/)"
65.55.210.61 - - [28/Dec/2008:04:58:05 -0700] "GET /pic.do?picId=5696&bookId=302 HTTP/1.1" 200 5598 "-" "msnbot/1.1 (+http://search.msn.com/msnbot.htm)"
91.205.124.11 - - [28/Dec/2008:04:58:21 -0700] "GET /pic.do;jsessionid=6D9ABAA2468F766D6F2D6A5726540FCA?picId=4191&bookId=246 HTTP/1.1" 200 5684 "-" "Yanga WorldSearch Bot v1.1/beta (http://www.yanga.co.uk/)"
91.205.124.11 - - [28/Dec/2008:04:58:48 -0700] "GET /pic.do;jsessionid=6D9ABAA2468F766D6F2D6A5726540FCA?picId=4192&bookId=246 HTTP/1.1" 200 5668 "-" "Yanga WorldSearch Bot v1.1/beta (http://www.yanga.co.uk/)"
72.30.87.111 - - [28/Dec/2008:04:58:54 -0700] "GET /pic.do?picId=4194&bookId=246 HTTP/1.0" 200 5628 "-" "Mozilla/5.0 (compatible; Yahoo! Slurp/3.0; http://help.yahoo.com/help/us/ysearch/slurp)"
72.30.87.111 - - [28/Dec/2008:04:58:54 -0700] "GET /css/bluetheme.css HTTP/1.0" 304 - "http://kyriaki.com/pic.do?picId=4194&bookId=246" "Mozilla/5.0 (compatible; Yahoo! Slurp/3.0; http://help.yahoo.com/help/us/ysearch/slurp)"
91.205.124.11 - - [28/Dec/2008:04:59:16 -0700] "GET /pic.do;jsessionid=6D9ABAA2468F766D6F2D6A5726540FCA?picId=4193&bookId=246 HTTP/1.1" 200 5662 "-" "Yanga WorldSearch Bot v1.1/beta (http://www.yanga.co.uk/)"
91.205.124.11 - - [28/Dec/2008:04:59:44 -0700] "GET /pic.do;jsessionid=6D9ABAA2468F766D6F2D6A5726540FCA?picId=4194&bookId=246 HTTP/1.1" 200 5628 "-" "Yanga WorldSearch Bot v1.1/beta (http://www.yanga.co.uk/)"
91.205.124.11 - - [28/Dec/2008:05:00:11 -0700] "GET /pic.do;jsessionid=6D9ABAA2468F766D6F2D6A5726540FCA?picId=4195&bookId=246 HTTP/1.1" 200 5342 "-" "Yanga WorldSearch Bot v1.1/beta (http://www.yanga.co.uk/)"
91.205.124.11 - - [28/Dec/2008:05:00:39 -0700] "GET /album.do;jsessionid=1665CCAC66CD1824B4B639EFE5BECFBE?bookId=2 HTTP/1.1" 200 6575 "-" "Yanga WorldSearch Bot v1.1/beta (http://www.yanga.co.uk/)"
91.205.124.11 - - [28/Dec/2008:05:01:06 -0700] "GET /album.do;jsessionid=1665CCAC66CD1824B4B639EFE5BECFBE?bookId=200 HTTP/1.1" 200 7093 "-" "Yanga WorldSearch Bot v1.1/beta (http://www.yanga.co.uk/)"
91.205.124.11 - - [28/Dec/2008:05:01:33 -0700] "GET /slideshow.do;jsessionid=1665CCAC66CD1824B4B639EFE5BECFBE?bookId=245 HTTP/1.1" 200 9160 "-" "Yanga WorldSearch Bot v1.1/beta (http://www.yanga.co.uk/)"
65.55.210.55 - - [28/Dec/2008:05:01:57 -0700] "GET /pic.do?picId=4388&bookId=255 HTTP/1.1" 200 5632 "-" "msnbot/1.1 (+http://search.msn.com/msnbot.htm)"
91.205.124.11 - - [28/Dec/2008:05:02:00 -0700] "GET /pic.do;jsessionid=1665CCAC66CD1824B4B639EFE5BECFBE?picId=4128&bookId=245 HTTP/1.1" 200 5355 "-" "Yanga WorldSearch Bot v1.1/beta (http://www.yanga.co.uk/)"
91.205.124.11 - - [28/Dec/2008:05:02:27 -0700] "GET /pic.do;jsessionid=1665CCAC66CD1824B4B639EFE5BECFBE?picId=4120&bookId=245 HTTP/1.1" 200 5686 "-" "Yanga WorldSearch Bot v1.1/beta (http://www.yanga.co.uk/)"
91.205.124.11 - - [28/Dec/2008:05:02:54 -0700] "GET /pic.do;jsessionid=1665CCAC66CD1824B4B639EFE5BECFBE?picId=4121&bookId=245 HTTP/1.1" 200 5702 "-" "Yanga WorldSearch Bot v1.1/beta (http://www.yanga.co.uk/)"
91.205.124.11 - - [28/Dec/2008:05:03:21 -0700] "GET /pic.do;jsessionid=1665CCAC66CD1824B4B639EFE5BECFBE?picId=4122&bookId=245 HTTP/1.1" 200 5688 "-" "Yanga WorldSearch Bot v1.1/beta (http://www.yanga.co.uk/)"
66.249.71.20 - - [28/Dec/2008:05:03:40 -0700] "GET /pic.do;jsessionid=F449B17C2FE70905211CF4BAE59CCFE0?picId=1634&bookId=117 HTTP/1.1" 200 5244 "-" "Mozilla/5.0 (compatible; Googlebot/2.1; +http://www.google.com/bot.html)"
91.205.124.11 - - [28/Dec/2008:05:03:51 -0700] "GET /pic.do;jsessionid=1665CCAC66CD1824B4B639EFE5BECFBE?picId=4123&bookId=245 HTTP/1.1" 200 5708 "-" "Yanga WorldSearch Bot v1.1/beta (http://www.yanga.co.uk/)"
91.205.124.11 - - [28/Dec/2008:05:04:15 -0700] "GET /pic.do;jsessionid=1665CCAC66CD1824B4B639EFE5BECFBE?picId=4124&bookId=245 HTTP/1.1" 200 5794 "-" "Yanga WorldSearch Bot v1.1/beta (http://www.yanga.co.uk/)"
91.205.124.11 - - [28/Dec/2008:05:04:42 -0700] "GET /pic.do;jsessionid=1665CCAC66CD1824B4B639EFE5BECFBE?picId=4125&bookId=245 HTTP/1.1" 200 5830 "-" "Yanga WorldSearch Bot v1.1/beta (http://www.yanga.co.uk/)"
91.205.124.11 - - [28/Dec/2008:05:05:09 -0700] "GET /pic.do;jsessionid=1665CCAC66CD1824B4B639EFE5BECFBE?picId=4126&bookId=245 HTTP/1.1" 200 5778 "-" "Yanga WorldSearch Bot v1.1/beta (http://www.yanga.co.uk/)"
91.205.124.11 - - [28/Dec/2008:05:05:39 -0700] "GET /pic.do;jsessionid=1665CCAC66CD1824B4B639EFE5BECFBE?picId=4127&bookId=245 HTTP/1.1" 200 5454 "-" "Yanga WorldSearch Bot v1.1/beta (http://www.yanga.co.uk/)"
91.205.124.11 - - [28/Dec/2008:05:06:04 -0700] "GET /album.do;jsessionid=630E9B7DE89D27B3E0C7F5E38EAAB2AA?bookId=118 HTTP/1.1" 200 7447 "-" "Yanga WorldSearch Bot v1.1/beta (http://www.yanga.co.uk/)"
91.205.124.11 - - [28/Dec/2008:05:06:31 -0700] "GET /album.do;jsessionid=630E9B7DE89D27B3E0C7F5E38EAAB2AA?bookId=126 HTTP/1.1" 200 4987 "-" "Yanga WorldSearch Bot v1.1/beta (http://www.yanga.co.uk/)"
66.231.189.108 - - [28/Dec/2008:05:06:54 -0700] "GET /pic.do?picId=7118&bookId=360 HTTP/1.0" 200 5851 "-" "Gigabot/3.0 (http://www.gigablast.com/spider.html)"
91.205.124.11 - - [28/Dec/2008:05:06:59 -0700] "GET /slideshow.do;jsessionid=630E9B7DE89D27B3E0C7F5E38EAAB2AA?bookId=244 HTTP/1.1" 200 6854 "-" "Yanga WorldSearch Bot v1.1/beta (http://www.yanga.co.uk/)"
91.205.124.11 - - [28/Dec/2008:05:07:26 -0700] "GET /pic.do;jsessionid=630E9B7DE89D27B3E0C7F5E38EAAB2AA?picId=4093&bookId=244 HTTP/1.1" 200 5438 "-" "Yanga WorldSearch Bot v1.1/beta (http://www.yanga.co.uk/)"
91.205.124.11 - - [28/Dec/2008:05:07:55 -0700] "GET /pic.do;jsessionid=630E9B7DE89D27B3E0C7F5E38EAAB2AA?picId=4094&bookId=244 HTTP/1.1" 200 5674 "-" "Yanga WorldSearch Bot v1.1/beta (http://www.yanga.co.uk/)"
61.135.168.39 - - [28/Dec/2008:05:08:15 -0700] "GET / HTTP/1.1" 200 3124 "-" "Baiduspider+(+http://www.baidu.com/search/spider.htm)"
91.205.124.11 - - [28/Dec/2008:05:08:22 -0700] "GET /pic.do;jsessionid=630E9B7DE89D27B3E0C7F5E38EAAB2AA?picId=4095&bookId=244 HTTP/1.1" 200 5652 "-" "Yanga WorldSearch Bot v1.1/beta (http://www.yanga.co.uk/)"
91.205.124.11 - - [28/Dec/2008:05:08:50 -0700] "GET /pic.do;jsessionid=630E9B7DE89D27B3E0C7F5E38EAAB2AA?picId=4096&bookId=244 HTTP/1.1" 200 5400 "-" "Yanga WorldSearch Bot v1.1/beta (http://www.yanga.co.uk/)"
91.205.124.11 - - [28/Dec/2008:05:09:17 -0700] "GET /album.do;jsessionid=CA42B7EF0BBF8EEA497B7A86251CC6A7?bookId=89 HTTP/1.1" 200 5883 "-" "Yanga WorldSearch Bot v1.1/beta (http://www.yanga.co.uk/)"
66.249.71.21 - - [28/Dec/2008:05:09:39 -0700] "GET /pic.do;jsessionid=39A124C9DC0ABFBC3A29667CE7095E4A?picId=1563&bookId=114 HTTP/1.1" 200 5479 "-" "Mozilla/5.0 (compatible; Googlebot/2.1; +http://www.google.com/bot.html)"
91.205.124.11 - - [28/Dec/2008:05:09:45 -0700] "GET /album.do;jsessionid=CA42B7EF0BBF8EEA497B7A86251CC6A7?bookId=101 HTTP/1.1" 200 6797 "-" "Yanga WorldSearch Bot v1.1/beta (http://www.yanga.co.uk/)"
91.205.124.11 - - [28/Dec/2008:05:10:12 -0700] "GET /slideshow.do;jsessionid=CA42B7EF0BBF8EEA497B7A86251CC6A7?bookId=243 HTTP/1.1" 200 11315 "-" "Yanga WorldSearch Bot v1.1/beta (http://www.yanga.co.uk/)"
91.205.124.11 - - [28/Dec/2008:05:10:41 -0700] "GET /pic.do;jsessionid=CA42B7EF0BBF8EEA497B7A86251CC6A7?picId=4049&bookId=243 HTTP/1.1" 200 5463 "-" "Yanga WorldSearch Bot v1.1/beta (http://www.yanga.co.uk/)"
91.205.124.11 - - [28/Dec/2008:05:11:06 -0700] "GET /pic.do;jsessionid=CA42B7EF0BBF8EEA497B7A86251CC6A7?picId=4050&bookId=243 HTTP/1.1" 200 5787 "-" "Yanga WorldSearch Bot v1.1/beta (http://www.yanga.co.uk/)"
91.205.124.11 - - [28/Dec/2008:05:11:34 -0700] "GET /pic.do;jsessionid=CA42B7EF0BBF8EEA497B7A86251CC6A7?picId=4051&bookId=243 HTTP/1.1" 200 5817 "-" "Yanga WorldSearch Bot v1.1/beta (http://www.yanga.co.uk/)"
91.205.124.11 - - [28/Dec/2008:05:12:01 -0700] "GET /pic.do;jsessionid=CA42B7EF0BBF8EEA497B7A86251CC6A7?picId=4052&bookId=243 HTTP/1.1" 200 5783 "-" "Yanga WorldSearch Bot v1.1/beta (http://www.yanga.co.uk/)"
91.205.124.11 - - [28/Dec/2008:05:12:29 -0700] "GET /pic.do;jsessionid=CA42B7EF0BBF8EEA497B7A86251CC6A7?picId=4053&bookId=243 HTTP/1.1" 200 5729 "-" "Yanga WorldSearch Bot v1.1/beta (http://www.yanga.co.uk/)"
91.205.124.11 - - [28/Dec/2008:05:12:58 -0700] "GET /pic.do;jsessionid=CA42B7EF0BBF8EEA497B7A86251CC6A7?picId=4054&bookId=243 HTTP/1.1" 200 5705 "-" "Yanga WorldSearch Bot v1.1/beta (http://www.yanga.co.uk/)"
91.205.124.11 - - [28/Dec/2008:05:13:25 -0700] "GET /pic.do;jsessionid=CA42B7EF0BBF8EEA497B7A86251CC6A7?picId=4055&bookId=243 HTTP/1.1" 200 5731 "-" "Yanga WorldSearch Bot v1.1/beta (http://www.yanga.co.uk/)"
220.181.32.22 - - [28/Dec/2008:05:13:52 -0700] "GET / HTTP/1.1" 200 3124 "-" "Baiduspider+(+http://www.baidu.com/search/spider.htm)"
91.205.124.11 - - [28/Dec/2008:05:13:53 -0700] "GET /pic.do;jsessionid=CA42B7EF0BBF8EEA497B7A86251CC6A7?picId=4056&bookId=243 HTTP/1.1" 200 5785 "-" "Yanga WorldSearch Bot v1.1/beta (http://www.yanga.co.uk/)"
91.205.124.11 - - [28/Dec/2008:05:14:19 -0700] "GET /pic.do;jsessionid=CA42B7EF0BBF8EEA497B7A86251CC6A7?picId=4057&bookId=243 HTTP/1.1" 200 5785 "-" "Yanga WorldSearch Bot v1.1/beta (http://www.yanga.co.uk/)"
91.205.124.11 - - [28/Dec/2008:05:14:47 -0700] "GET /pic.do;jsessionid=CA42B7EF0BBF8EEA497B7A86251CC6A7?picId=4058&bookId=243 HTTP/1.1" 200 5739 "-" "Yanga WorldSearch Bot v1.1/beta (http://www.yanga.co.uk/)"
91.205.124.11 - - [28/Dec/2008:05:15:14 -0700] "GET /pic.do;jsessionid=CA42B7EF0BBF8EEA497B7A86251CC6A7?picId=4059&bookId=243 HTTP/1.1" 200 5777 "-" "Yanga WorldSearch Bot v1.1/beta (http://www.yanga.co.uk/)"
66.249.71.20 - - [28/Dec/2008:05:15:38 -0700] "GET /pic.do;jsessionid=1A29F9D68EC933EA64546346AB6BD4A7?picId=1582&bookId=114 HTTP/1.1" 200 5595 "-" "Mozilla/5.0 (compatible; Googlebot/2.1; +http://www.google.com/bot.html)"
91.205.124.11 - - [28/Dec/2008:05:15:41 -0700] "GET /pic.do;jsessionid=CA42B7EF0BBF8EEA497B7A86251CC6A7?picId=4060&bookId=243 HTTP/1.1" 200 5801 "-" "Yanga WorldSearch Bot v1.1/beta (http://www.yanga.co.uk/)"
91.205.124.11 - - [28/Dec/2008:05:16:08 -0700] "GET /pic.do;jsessionid=CA42B7EF0BBF8EEA497B7A86251CC6A7?picId=4061&bookId=243 HTTP/1.1" 200 5461 "-" "Yanga WorldSearch Bot v1.1/beta (http://www.yanga.co.uk/)"
91.205.124.11 - - [28/Dec/2008:05:16:36 -0700] "GET /album.do;jsessionid=221574E4778017F02E1BD7A8E2134CB4?bookId=135 HTTP/1.1" 200 6948 "-" "Yanga WorldSearch Bot v1.1/beta (http://www.yanga.co.uk/)"
91.205.124.11 - - [28/Dec/2008:05:17:04 -0700] "GET /album.do;jsessionid=221574E4778017F02E1BD7A8E2134CB4?bookId=235 HTTP/1.1" 200 7584 "-" "Yanga WorldSearch Bot v1.1/beta (http://www.yanga.co.uk/)"
91.205.124.11 - - [28/Dec/2008:05:17:31 -0700] "GET /slideshow.do;jsessionid=221574E4778017F02E1BD7A8E2134CB4?bookId=242 HTTP/1.1" 200 35603 "-" "Yanga WorldSearch Bot v1.1/beta (http://www.yanga.co.uk/)"
91.205.124.11 - - [28/Dec/2008:05:17:59 -0700] "GET /pic.do;jsessionid=221574E4778017F02E1BD7A8E2134CB4?picId=4029&bookId=242 HTTP/1.1" 200 5406 "-" "Yanga WorldSearch Bot v1.1/beta (http://www.yanga.co.uk/)"
91.205.124.11 - - [28/Dec/2008:05:18:27 -0700] "GET /pic.do;jsessionid=221574E4778017F02E1BD7A8E2134CB4?picId=4030&bookId=242 HTTP/1.1" 200 5688 "-" "Yanga WorldSearch Bot v1.1/beta (http://www.yanga.co.uk/)"
91.205.124.11 - - [28/Dec/2008:05:18:55 -0700] "GET /pic.do;jsessionid=221574E4778017F02E1BD7A8E2134CB4?picId=4031&bookId=242 HTTP/1.1" 200 5688 "-" "Yanga WorldSearch Bot v1.1/beta (http://www.yanga.co.uk/)"
91.205.124.11 - - [28/Dec/2008:05:19:23 -0700] "GET /pic.do;jsessionid=221574E4778017F02E1BD7A8E2134CB4?picId=4032&bookId=242 HTTP/1.1" 200 5664 "-" "Yanga WorldSearch Bot v1.1/beta (http://www.yanga.co.uk/)"
91.205.124.11 - - [28/Dec/2008:05:19:50 -0700] "GET /pic.do;jsessionid=221574E4778017F02E1BD7A8E2134CB4?picId=4033&bookId=242 HTTP/1.1" 200 5646 "-" "Yanga WorldSearch Bot v1.1/beta (http://www.yanga.co.uk/)"
91.205.124.11 - - [28/Dec/2008:05:20:18 -0700] "GET /pic.do;jsessionid=221574E4778017F02E1BD7A8E2134CB4?picId=4034&bookId=242 HTTP/1.1" 200 5654 "-" "Yanga WorldSearch Bot v1.1/beta (http://www.yanga.co.uk/)"
65.55.108.142 - - [28/Dec/2008:05:20:41 -0700] "GET /robots.txt HTTP/1.1" 200 24 "-" "msnbot-media/1.1 (+http://search.msn.com/msnbot.htm)"
65.55.108.142 - - [28/Dec/2008:05:20:41 -0700] "GET /pics/Alexander/Zoo/Weee_t.jpg HTTP/1.1" 200 9216 "-" "msnbot-media/1.1 (+http://search.msn.com/msnbot.htm)"
91.205.124.11 - - [28/Dec/2008:05:20:46 -0700] "GET /pic.do;jsessionid=221574E4778017F02E1BD7A8E2134CB4?picId=4035&bookId=242 HTTP/1.1" 200 5666 "-" "Yanga WorldSearch Bot v1.1/beta (http://www.yanga.co.uk/)"
91.205.124.11 - - [28/Dec/2008:05:21:14 -0700] "GET /pic.do;jsessionid=221574E4778017F02E1BD7A8E2134CB4?picId=4036&bookId=242 HTTP/1.1" 200 5690 "-" "Yanga WorldSearch Bot v1.1/beta (http://www.yanga.co.uk/)"
66.249.71.20 - - [28/Dec/2008:05:21:37 -0700] "GET /pic.do;jsessionid=6C4ABAB0D990ABC0FE19FCCF269C0BA9?picId=1512&bookId=112 HTTP/1.1" 200 5481 "-" "Mozilla/5.0 (compatible; Googlebot/2.1; +http://www.google.com/bot.html)"
65.55.210.59 - - [28/Dec/2008:05:21:38 -0700] "GET /pic.do?picId=3104&bookId=194 HTTP/1.1" 200 5643 "-" "msnbot/1.1 (+http://search.msn.com/msnbot.htm)"
91.205.124.11 - - [28/Dec/2008:05:21:41 -0700] "GET /pic.do;jsessionid=221574E4778017F02E1BD7A8E2134CB4?picId=4037&bookId=242 HTTP/1.1" 200 5694 "-" "Yanga WorldSearch Bot v1.1/beta (http://www.yanga.co.uk/)"
91.205.124.11 - - [28/Dec/2008:05:22:09 -0700] "GET /pic.do;jsessionid=221574E4778017F02E1BD7A8E2134CB4?picId=4129&bookId=242 HTTP/1.1" 200 5651 "-" "Yanga WorldSearch Bot v1.1/beta (http://www.yanga.co.uk/)"
91.205.124.11 - - [28/Dec/2008:05:22:36 -0700] "GET /pic.do;jsessionid=221574E4778017F02E1BD7A8E2134CB4?picId=4130&bookId=242 HTTP/1.1" 200 5667 "-" "Yanga WorldSearch Bot v1.1/beta (http://www.yanga.co.uk/)"
91.205.124.11 - - [28/Dec/2008:05:23:07 -0700] "GET /pic.do;jsessionid=221574E4778017F02E1BD7A8E2134CB4?picId=4131&bookId=242 HTTP/1.1" 200 5705 "-" "Yanga WorldSearch Bot v1.1/beta (http://www.yanga.co.uk/)"
91.205.124.11 - - [28/Dec/2008:05:23:31 -0700] "GET /pic.do;jsessionid=221574E4778017F02E1BD7A8E2134CB4?picId=4132&bookId=242 HTTP/1.1" 200 5685 "-" "Yanga WorldSearch Bot v1.1/beta (http://www.yanga.co.uk/)"
91.205.124.11 - - [28/Dec/2008:05:23:59 -0700] "GET /pic.do;jsessionid=221574E4778017F02E1BD7A8E2134CB4?picId=4133&bookId=242 HTTP/1.1" 200 5695 "-" "Yanga WorldSearch Bot v1.1/beta (http://www.yanga.co.uk/)"
91.205.124.11 - - [28/Dec/2008:05:24:30 -0700] "GET /pic.do;jsessionid=221574E4778017F02E1BD7A8E2134CB4?picId=4134&bookId=242 HTTP/1.1" 200 5727 "-" "Yanga WorldSearch Bot v1.1/beta (http://www.yanga.co.uk/)"
91.205.124.11 - - [28/Dec/2008:05:24:55 -0700] "GET /pic.do;jsessionid=221574E4778017F02E1BD7A8E2134CB4?picId=4135&bookId=242 HTTP/1.1" 200 5659 "-" "Yanga WorldSearch Bot v1.1/beta (http://www.yanga.co.uk/)"
91.205.124.11 - - [28/Dec/2008:05:25:23 -0700] "GET /pic.do;jsessionid=221574E4778017F02E1BD7A8E2134CB4?picId=4136&bookId=242 HTTP/1.1" 200 5635 "-" "Yanga WorldSearch Bot v1.1/beta (http://www.yanga.co.uk/)"
91.205.124.11 - - [28/Dec/2008:05:25:50 -0700] "GET /pic.do;jsessionid=221574E4778017F02E1BD7A8E2134CB4?picId=4137&bookId=242 HTTP/1.1" 200 5681 "-" "Yanga WorldSearch Bot v1.1/beta (http://www.yanga.co.uk/)"
91.205.124.11 - - [28/Dec/2008:05:26:18 -0700] "GET /pic.do;jsessionid=221574E4778017F02E1BD7A8E2134CB4?picId=4157&bookId=242 HTTP/1.1" 200 5695 "-" "Yanga WorldSearch Bot v1.1/beta (http://www.yanga.co.uk/)"
91.205.124.11 - - [28/Dec/2008:05:26:45 -0700] "GET /pic.do;jsessionid=221574E4778017F02E1BD7A8E2134CB4?picId=4158&bookId=242 HTTP/1.1" 200 5673 "-" "Yanga WorldSearch Bot v1.1/beta (http://www.yanga.co.uk/)"
72.30.65.37 - - [28/Dec/2008:05:26:53 -0700] "GET /robots.txt HTTP/1.0" 200 24 "-" "Mozilla/5.0 (compatible; Yahoo! Slurp; http://help.yahoo.com/help/us/ysearch/slurp)"
72.30.65.37 - - [28/Dec/2008:05:26:54 -0700] "GET /pic.do?picId=4194&bookId=246 HTTP/1.0" 200 5628 "-" "Mozilla/5.0 (compatible; Yahoo! Slurp/3.0; http://help.yahoo.com/help/us/ysearch/slurp)"
72.30.65.37 - - [28/Dec/2008:05:26:54 -0700] "GET /css/bluetheme.css HTTP/1.0" 200 4062 "http://www.kyriaki.net/pic.do?picId=4194&bookId=246" "Mozilla/5.0 (compatible; Yahoo! Slurp/3.0; http://help.yahoo.com/help/us/ysearch/slurp)"
91.205.124.11 - - [28/Dec/2008:05:27:13 -0700] "GET /pic.do;jsessionid=221574E4778017F02E1BD7A8E2134CB4?picId=4159&bookId=242 HTTP/1.1" 200 5651 "-" "Yanga WorldSearch Bot v1.1/beta (http://www.yanga.co.uk/)"
66.249.71.24 - - [28/Dec/2008:05:27:36 -0700] "GET /pic.do;jsessionid=6097AFBE1FAB35FF083C87FFA437D647?picId=1723&bookId=125 HTTP/1.1" 200 5596 "-" "Mozilla/5.0 (compatible; Googlebot/2.1; +http://www.google.com/bot.html)"
91.205.124.11 - - [28/Dec/2008:05:27:40 -0700] "GET /pic.do;jsessionid=221574E4778017F02E1BD7A8E2134CB4?picId=4160&bookId=242 HTTP/1.1" 200 5645 "-" "Yanga WorldSearch Bot v1.1/beta (http://www.yanga.co.uk/)"
91.205.124.11 - - [28/Dec/2008:05:28:09 -0700] "GET /pic.do;jsessionid=221574E4778017F02E1BD7A8E2134CB4?picId=4161&bookId=242 HTTP/1.1" 200 5651 "-" "Yanga WorldSearch Bot v1.1/beta (http://www.yanga.co.uk/)"
91.205.124.11 - - [28/Dec/2008:05:28:37 -0700] "GET /pic.do;jsessionid=221574E4778017F02E1BD7A8E2134CB4?picId=4162&bookId=242 HTTP/1.1" 200 5665 "-" "Yanga WorldSearch Bot v1.1/beta (http://www.yanga.co.uk/)"
91.205.124.11 - - [28/Dec/2008:05:29:04 -0700] "GET /pic.do;jsessionid=221574E4778017F02E1BD7A8E2134CB4?picId=4163&bookId=242 HTTP/1.1" 200 5665 "-" "Yanga WorldSearch Bot v1.1/beta (http://www.yanga.co.uk/)"
91.205.124.11 - - [28/Dec/2008:05:29:31 -0700] "GET /pic.do;jsessionid=221574E4778017F02E1BD7A8E2134CB4?picId=4164&bookId=242 HTTP/1.1" 200 5659 "-" "Yanga WorldSearch Bot v1.1/beta (http://www.yanga.co.uk/)"
91.205.124.11 - - [28/Dec/2008:05:29:59 -0700] "GET /pic.do;jsessionid=221574E4778017F02E1BD7A8E2134CB4?picId=4165&bookId=242 HTTP/1.1" 200 5661 "-" "Yanga WorldSearch Bot v1.1/beta (http://www.yanga.co.uk/)"
72.14.199.88 - - [28/Dec/2008:05:30:13 -0700] "GET /rss/albumsrss.xml HTTP/1.1" 304 - "-" "Feedfetcher-Google; (+http://www.google.com/feedfetcher.html; 1 subscribers; feed-id=12057361637894519019)"
91.205.124.11 - - [28/Dec/2008:05:30:27 -0700] "GET /pic.do;jsessionid=221574E4778017F02E1BD7A8E2134CB4?picId=4166&bookId=242 HTTP/1.1" 200 5657 "-" "Yanga WorldSearch Bot v1.1/beta (http://www.yanga.co.uk/)"
91.205.124.11 - - [28/Dec/2008:05:30:53 -0700] "GET /pic.do;jsessionid=221574E4778017F02E1BD7A8E2134CB4?picId=4167&bookId=242 HTTP/1.1" 200 5671 "-" "Yanga WorldSearch Bot v1.1/beta (http://www.yanga.co.uk/)"
66.231.189.108 - - [28/Dec/2008:05:31:00 -0700] "GET /pic.do?picId=7127&bookId=360 HTTP/1.0" 200 5861 "-" "Gigabot/3.0 (http://www.gigablast.com/spider.html)"
91.205.124.11 - - [28/Dec/2008:05:31:21 -0700] "GET /pic.do;jsessionid=221574E4778017F02E1BD7A8E2134CB4?picId=4168&bookId=242 HTTP/1.1" 200 5701 "-" "Yanga WorldSearch Bot v1.1/beta (http://www.yanga.co.uk/)"
72.14.199.54 - - [28/Dec/2008:05:31:30 -0700] "GET /rss/albumsrss.xml HTTP/1.1" 304 - "-" "Feedfetcher-Google; (+http://www.google.com/feedfetcher.html; 1 subscribers; feed-id=4942691501231710884)"
91.205.124.11 - - [28/Dec/2008:05:31:49 -0700] "GET /pic.do;jsessionid=221574E4778017F02E1BD7A8E2134CB4?picId=4169&bookId=242 HTTP/1.1" 200 5687 "-" "Yanga WorldSearch Bot v1.1/beta (http://www.yanga.co.uk/)"
91.205.124.11 - - [28/Dec/2008:05:32:16 -0700] "GET /pic.do;jsessionid=221574E4778017F02E1BD7A8E2134CB4?picId=4170&bookId=242 HTTP/1.1" 200 5679 "-" "Yanga WorldSearch Bot v1.1/beta (http://www.yanga.co.uk/)"
91.205.124.11 - - [28/Dec/2008:05:32:45 -0700] "GET /pic.do;jsessionid=221574E4778017F02E1BD7A8E2134CB4?picId=4171&bookId=242 HTTP/1.1" 200 5727 "-" "Yanga WorldSearch Bot v1.1/beta (http://www.yanga.co.uk/)"
91.205.124.11 - - [28/Dec/2008:05:33:12 -0700] "GET /pic.do;jsessionid=221574E4778017F02E1BD7A8E2134CB4?picId=4172&bookId=242 HTTP/1.1" 200 5745 "-" "Yanga WorldSearch Bot v1.1/beta (http://www.yanga.co.uk/)"
66.249.71.20 - - [28/Dec/2008:05:33:35 -0700] "GET /pic.do;jsessionid=610C302CBB5B2DC78EE180A7153438AE?picId=1577&bookId=114 HTTP/1.1" 200 5501 "-" "Mozilla/5.0 (compatible; Googlebot/2.1; +http://www.google.com/bot.html)"
91.205.124.11 - - [28/Dec/2008:05:33:40 -0700] "GET /pic.do;jsessionid=221574E4778017F02E1BD7A8E2134CB4?picId=4173&bookId=242 HTTP/1.1" 200 5697 "-" "Yanga WorldSearch Bot v1.1/beta (http://www.yanga.co.uk/)"
91.205.124.11 - - [28/Dec/2008:05:34:07 -0700] "GET /pic.do;jsessionid=221574E4778017F02E1BD7A8E2134CB4?picId=4174&bookId=242 HTTP/1.1" 200 5661 "-" "Yanga WorldSearch Bot v1.1/beta (http://www.yanga.co.uk/)"
91.205.124.11 - - [28/Dec/2008:05:34:34 -0700] "GET /pic.do;jsessionid=221574E4778017F02E1BD7A8E2134CB4?picId=4175&bookId=242 HTTP/1.1" 200 5653 "-" "Yanga WorldSearch Bot v1.1/beta (http://www.yanga.co.uk/)"
91.205.124.11 - - [28/Dec/2008:05:36:30 -0700] "GET /pic.do;jsessionid=221574E4778017F02E1BD7A8E2134CB4?picId=4176&bookId=242 HTTP/1.1" 200 5603 "-" "Yanga WorldSearch Bot v1.1/beta (http://www.yanga.co.uk/)"
66.249.71.20 - - [28/Dec/2008:05:39:34 -0700] "GET /pic.do;jsessionid=26049C51E2D7F4E02B80EEB5E4EDE365?picId=1533&bookId=112 HTTP/1.1" 200 5444 "-" "Mozilla/5.0 (compatible; Googlebot/2.1; +http://www.google.com/bot.html)"
91.205.124.11 - - [28/Dec/2008:05:43:43 -0700] "GET /pic.do;jsessionid=221574E4778017F02E1BD7A8E2134CB4?picId=4177&bookId=242 HTTP/1.1" 200 5579 "-" "Yanga WorldSearch Bot v1.1/beta (http://www.yanga.co.uk/)"
91.205.124.11 - - [28/Dec/2008:05:44:08 -0700] "GET /pic.do;jsessionid=221574E4778017F02E1BD7A8E2134CB4?picId=4178&bookId=242 HTTP/1.1" 200 5621 "-" "Yanga WorldSearch Bot v1.1/beta (http://www.yanga.co.uk/)"
91.205.124.11 - - [28/Dec/2008:05:44:37 -0700] "GET /pic.do;jsessionid=221574E4778017F02E1BD7A8E2134CB4?picId=4179&bookId=242 HTTP/1.1" 200 5633 "-" "Yanga WorldSearch Bot v1.1/beta (http://www.yanga.co.uk/)"
91.205.124.11 - - [28/Dec/2008:05:45:04 -0700] "GET /pic.do;jsessionid=221574E4778017F02E1BD7A8E2134CB4?picId=4180&bookId=242 HTTP/1.1" 200 5643 "-" "Yanga WorldSearch Bot v1.1/beta (http://www.yanga.co.uk/)"
66.249.71.20 - - [28/Dec/2008:05:45:33 -0700] "GET /pic.do;jsessionid=B5BCA1CFBEA69CC9CF4CE048B7BC4113?picId=1607&bookId=115 HTTP/1.1" 200 5569 "-" "Mozilla/5.0 (compatible; Googlebot/2.1; +http://www.google.com/bot.html)"
91.205.124.11 - - [28/Dec/2008:05:45:34 -0700] "GET /pic.do;jsessionid=221574E4778017F02E1BD7A8E2134CB4?picId=4181&bookId=242 HTTP/1.1" 200 5675 "-" "Yanga WorldSearch Bot v1.1/beta (http://www.yanga.co.uk/)"
91.205.124.11 - - [28/Dec/2008:05:45:58 -0700] "GET /pic.do;jsessionid=221574E4778017F02E1BD7A8E2134CB4?picId=4182&bookId=242 HTTP/1.1" 200 5679 "-" "Yanga WorldSearch Bot v1.1/beta (http://www.yanga.co.uk/)"
91.205.124.11 - - [28/Dec/2008:05:46:25 -0700] "GET /pic.do;jsessionid=221574E4778017F02E1BD7A8E2134CB4?picId=4215&bookId=242 HTTP/1.1" 200 5650 "-" "Yanga WorldSearch Bot v1.1/beta (http://www.yanga.co.uk/)"
91.205.124.11 - - [28/Dec/2008:05:46:55 -0700] "GET /pic.do;jsessionid=221574E4778017F02E1BD7A8E2134CB4?picId=4216&bookId=242 HTTP/1.1" 200 5642 "-" "Yanga WorldSearch Bot v1.1/beta (http://www.yanga.co.uk/)"
91.205.124.11 - - [28/Dec/2008:05:47:19 -0700] "GET /pic.do;jsessionid=221574E4778017F02E1BD7A8E2134CB4?picId=4217&bookId=242 HTTP/1.1" 200 5652 "-" "Yanga WorldSearch Bot v1.1/beta (http://www.yanga.co.uk/)"
91.205.124.11 - - [28/Dec/2008:05:47:45 -0700] "GET /pic.do;jsessionid=221574E4778017F02E1BD7A8E2134CB4?picId=4218&bookId=242 HTTP/1.1" 200 5630 "-" "Yanga WorldSearch Bot v1.1/beta (http://www.yanga.co.uk/)"
91.205.124.11 - - [28/Dec/2008:05:48:12 -0700] "GET /pic.do;jsessionid=221574E4778017F02E1BD7A8E2134CB4?picId=4219&bookId=242 HTTP/1.1" 200 5660 "-" "Yanga WorldSearch Bot v1.1/beta (http://www.yanga.co.uk/)"
91.205.124.11 - - [28/Dec/2008:05:48:38 -0700] "GET /pic.do;jsessionid=221574E4778017F02E1BD7A8E2134CB4?picId=4575&bookId=242 HTTP/1.1" 200 5689 "-" "Yanga WorldSearch Bot v1.1/beta (http://www.yanga.co.uk/)"
72.14.199.54 - - [28/Dec/2008:05:49:04 -0700] "GET /rss/newsrss.xml HTTP/1.1" 304 - "-" "Feedfetcher-Google; (+http://www.google.com/feedfetcher.html; 1 subscribers; feed-id=14972553425843858708)"
91.205.124.11 - - [28/Dec/2008:05:49:04 -0700] "GET /pic.do;jsessionid=221574E4778017F02E1BD7A8E2134CB4?picId=4576&bookId=242 HTTP/1.1" 200 5641 "-" "Yanga WorldSearch Bot v1.1/beta (http://www.yanga.co.uk/)"
91.205.124.11 - - [28/Dec/2008:05:49:31 -0700] "GET /pic.do;jsessionid=221574E4778017F02E1BD7A8E2134CB4?picId=4577&bookId=242 HTTP/1.1" 200 5653 "-" "Yanga WorldSearch Bot v1.1/beta (http://www.yanga.co.uk/)"
91.205.124.11 - - [28/Dec/2008:05:49:58 -0700] "GET /pic.do;jsessionid=221574E4778017F02E1BD7A8E2134CB4?picId=4578&bookId=242 HTTP/1.1" 200 5671 "-" "Yanga WorldSearch Bot v1.1/beta (http://www.yanga.co.uk/)"
65.55.210.63 - - [28/Dec/2008:05:50:17 -0700] "GET /album.do?bookId=33 HTTP/1.1" 200 19176 "-" "msnbot/1.1 (+http://search.msn.com/msnbot.htm)"
91.205.124.11 - - [28/Dec/2008:05:50:23 -0700] "GET /pic.do;jsessionid=221574E4778017F02E1BD7A8E2134CB4?picId=4579&bookId=242 HTTP/1.1" 200 5653 "-" "Yanga WorldSearch Bot v1.1/beta (http://www.yanga.co.uk/)"
91.205.124.11 - - [28/Dec/2008:05:50:49 -0700] "GET /pic.do;jsessionid=221574E4778017F02E1BD7A8E2134CB4?picId=4580&bookId=242 HTTP/1.1" 200 5669 "-" "Yanga WorldSearch Bot v1.1/beta (http://www.yanga.co.uk/)"
91.205.124.11 - - [28/Dec/2008:05:51:16 -0700] "GET /pic.do;jsessionid=221574E4778017F02E1BD7A8E2134CB4?picId=4581&bookId=242 HTTP/1.1" 200 5667 "-" "Yanga WorldSearch Bot v1.1/beta (http://www.yanga.co.uk/)"
66.249.71.20 - - [28/Dec/2008:05:51:31 -0700] "GET /pic.do;jsessionid=73F4B1DB75A751713308FFC1FB757AD2?picId=1440&bookId=110 HTTP/1.1" 200 5465 "-" "Mozilla/5.0 (compatible; Googlebot/2.1; +http://www.google.com/bot.html)"
91.205.124.11 - - [28/Dec/2008:05:51:42 -0700] "GET /pic.do;jsessionid=221574E4778017F02E1BD7A8E2134CB4?picId=4582&bookId=242 HTTP/1.1" 200 5653 "-" "Yanga WorldSearch Bot v1.1/beta (http://www.yanga.co.uk/)"
91.205.124.11 - - [28/Dec/2008:05:52:08 -0700] "GET /pic.do;jsessionid=221574E4778017F02E1BD7A8E2134CB4?picId=4583&bookId=242 HTTP/1.1" 200 5649 "-" "Yanga WorldSearch Bot v1.1/beta (http://www.yanga.co.uk/)"
91.205.124.11 - - [28/Dec/2008:05:52:34 -0700] "GET /pic.do;jsessionid=221574E4778017F02E1BD7A8E2134CB4?picId=4584&bookId=242 HTTP/1.1" 200 5623 "-" "Yanga WorldSearch Bot v1.1/beta (http://www.yanga.co.uk/)"
65.55.108.140 - - [28/Dec/2008:05:52:56 -0700] "GET /robots.txt HTTP/1.1" 200 24 "-" "msnbot-media/1.1 (+http://search.msn.com/msnbot.htm)"
65.55.108.140 - - [28/Dec/2008:05:52:56 -0700] "GET /pics/Alexander/Zoo/Clapping%20for%20the%20carousel_t.jpg HTTP/1.1" 200 9216 "-" "msnbot-media/1.1 (+http://search.msn.com/msnbot.htm)"
91.205.124.11 - - [28/Dec/2008:05:53:00 -0700] "GET /pic.do;jsessionid=221574E4778017F02E1BD7A8E2134CB4?picId=4585&bookId=242 HTTP/1.1" 200 5599 "-" "Yanga WorldSearch Bot v1.1/beta (http://www.yanga.co.uk/)"
91.205.124.11 - - [28/Dec/2008:05:53:26 -0700] "GET /pic.do;jsessionid=221574E4778017F02E1BD7A8E2134CB4?picId=4586&bookId=242 HTTP/1.1" 200 5337 "-" "Yanga WorldSearch Bot v1.1/beta (http://www.yanga.co.uk/)"
91.205.124.11 - - [28/Dec/2008:05:53:54 -0700] "GET /album.do;jsessionid=F6AADEFA6006B70FFC616F0866AA3DA7?bookId=135 HTTP/1.1" 200 6948 "-" "Yanga WorldSearch Bot v1.1/beta (http://www.yanga.co.uk/)"
91.205.124.11 - - [28/Dec/2008:05:54:22 -0700] "GET /album.do;jsessionid=F6AADEFA6006B70FFC616F0866AA3DA7?bookId=235 HTTP/1.1" 200 7584 "-" "Yanga WorldSearch Bot v1.1/beta (http://www.yanga.co.uk/)"
91.205.124.11 - - [28/Dec/2008:05:54:49 -0700] "GET /slideshow.do;jsessionid=F6AADEFA6006B70FFC616F0866AA3DA7?bookId=241 HTTP/1.1" 200 22988 "-" "Yanga WorldSearch Bot v1.1/beta (http://www.yanga.co.uk/)"
91.205.124.11 - - [28/Dec/2008:05:55:16 -0700] "GET /pic.do;jsessionid=F6AADEFA6006B70FFC616F0866AA3DA7?picId=4024&bookId=241 HTTP/1.1" 200 5408 "-" "Yanga WorldSearch Bot v1.1/beta (http://www.yanga.co.uk/)"
91.205.124.11 - - [28/Dec/2008:05:55:43 -0700] "GET /pic.do;jsessionid=F6AADEFA6006B70FFC616F0866AA3DA7?picId=4025&bookId=241 HTTP/1.1" 200 5698 "-" "Yanga WorldSearch Bot v1.1/beta (http://www.yanga.co.uk/)"
74.6.22.185 - - [28/Dec/2008:05:55:47 -0700] "GET /album.do HTTP/1.0" 200 7755 "-" "Mozilla/5.0 (compatible; Yahoo! Slurp; http://help.yahoo.com/help/us/ysearch/slurp)"
91.205.124.11 - - [28/Dec/2008:05:56:10 -0700] "GET /pic.do;jsessionid=F6AADEFA6006B70FFC616F0866AA3DA7?picId=4026&bookId=241 HTTP/1.1" 200 5674 "-" "Yanga WorldSearch Bot v1.1/beta (http://www.yanga.co.uk/)"
91.205.124.11 - - [28/Dec/2008:05:56:37 -0700] "GET /pic.do;jsessionid=F6AADEFA6006B70FFC616F0866AA3DA7?picId=4027&bookId=241 HTTP/1.1" 200 5636 "-" "Yanga WorldSearch Bot v1.1/beta (http://www.yanga.co.uk/)"
93.96.181.132 - - [28/Dec/2008:05:57:01 -0700] "GET / HTTP/1.1" 200 3124 "http://jollysailors.com/zen/kyriaki.net/" "Mozilla/5.0 (Windows; U; Windows NT 6.0; en-US) AppleWebKit/525.13 (KHTML, like Gecko) Chrome/0.2.149.27 Safari/525.13"
91.205.124.11 - - [28/Dec/2008:05:57:04 -0700] "GET /pic.do;jsessionid=F6AADEFA6006B70FFC616F0866AA3DA7?picId=4028&bookId=241 HTTP/1.1" 200 5676 "-" "Yanga WorldSearch Bot v1.1/beta (http://www.yanga.co.uk/)"
66.249.71.21 - - [28/Dec/2008:05:57:30 -0700] "GET /pic.do;jsessionid=6D13C35756022CE3580E15B175DD228A?picId=1504&bookId=111 HTTP/1.1" 200 5547 "-" "Mozilla/5.0 (compatible; Googlebot/2.1; +http://www.google.com/bot.html)"
91.205.124.11 - - [28/Dec/2008:05:57:31 -0700] "GET /pic.do;jsessionid=F6AADEFA6006B70FFC616F0866AA3DA7?picId=4099&bookId=241 HTTP/1.1" 200 5683 "-" "Yanga WorldSearch Bot v1.1/beta (http://www.yanga.co.uk/)"
91.205.124.11 - - [28/Dec/2008:05:57:59 -0700] "GET /pic.do;jsessionid=F6AADEFA6006B70FFC616F0866AA3DA7?picId=4100&bookId=241 HTTP/1.1" 200 5627 "-" "Yanga WorldSearch Bot v1.1/beta (http://www.yanga.co.uk/)"
91.205.124.11 - - [28/Dec/2008:05:58:25 -0700] "GET /pic.do;jsessionid=F6AADEFA6006B70FFC616F0866AA3DA7?picId=4101&bookId=241 HTTP/1.1" 200 5603 "-" "Yanga WorldSearch Bot v1.1/beta (http://www.yanga.co.uk/)"
91.205.124.11 - - [28/Dec/2008:05:58:53 -0700] "GET /pic.do;jsessionid=F6AADEFA6006B70FFC616F0866AA3DA7?picId=4102&bookId=241 HTTP/1.1" 200 5677 "-" "Yanga WorldSearch Bot v1.1/beta (http://www.yanga.co.uk/)"
91.205.124.11 - - [28/Dec/2008:05:59:19 -0700] "GET /pic.do;jsessionid=F6AADEFA6006B70FFC616F0866AA3DA7?picId=4116&bookId=241 HTTP/1.1" 200 5717 "-" "Yanga WorldSearch Bot v1.1/beta (http://www.yanga.co.uk/)"
91.205.124.11 - - [28/Dec/2008:05:59:46 -0700] "GET /pic.do;jsessionid=F6AADEFA6006B70FFC616F0866AA3DA7?picId=4117&bookId=241 HTTP/1.1" 200 5651 "-" "Yanga WorldSearch Bot v1.1/beta (http://www.yanga.co.uk/)"
91.205.124.11 - - [28/Dec/2008:06:00:14 -0700] "GET /pic.do;jsessionid=F6AADEFA6006B70FFC616F0866AA3DA7?picId=4118&bookId=241 HTTP/1.1" 200 5621 "-" "Yanga WorldSearch Bot v1.1/beta (http://www.yanga.co.uk/)"
65.55.210.48 - - [28/Dec/2008:06:00:31 -0700] "GET /pic.do?picId=663&bookId=54 HTTP/1.1" 200 5602 "-" "msnbot/1.1 (+http://search.msn.com/msnbot.htm)"
91.205.124.11 - - [28/Dec/2008:06:00:41 -0700] "GET /pic.do;jsessionid=F6AADEFA6006B70FFC616F0866AA3DA7?picId=4119&bookId=241 HTTP/1.1" 200 5643 "-" "Yanga WorldSearch Bot v1.1/beta (http://www.yanga.co.uk/)"
91.205.124.11 - - [28/Dec/2008:06:01:08 -0700] "GET /pic.do;jsessionid=F6AADEFA6006B70FFC616F0866AA3DA7?picId=4150&bookId=241 HTTP/1.1" 200 5659 "-" "Yanga WorldSearch Bot v1.1/beta (http://www.yanga.co.uk/)"
91.205.124.11 - - [28/Dec/2008:06:01:36 -0700] "GET /pic.do;jsessionid=F6AADEFA6006B70FFC616F0866AA3DA7?picId=4151&bookId=241 HTTP/1.1" 200 5669 "-" "Yanga WorldSearch Bot v1.1/beta (http://www.yanga.co.uk/)"
91.205.124.11 - - [28/Dec/2008:06:02:03 -0700] "GET /pic.do;jsessionid=F6AADEFA6006B70FFC616F0866AA3DA7?picId=4152&bookId=241 HTTP/1.1" 200 5665 "-" "Yanga WorldSearch Bot v1.1/beta (http://www.yanga.co.uk/)"
91.205.124.11 - - [28/Dec/2008:06:02:30 -0700] "GET /pic.do;jsessionid=F6AADEFA6006B70FFC616F0866AA3DA7?picId=4153&bookId=241 HTTP/1.1" 200 5657 "-" "Yanga WorldSearch Bot v1.1/beta (http://www.yanga.co.uk/)"
91.205.124.11 - - [28/Dec/2008:06:02:57 -0700] "GET /pic.do;jsessionid=F6AADEFA6006B70FFC616F0866AA3DA7?picId=4154&bookId=241 HTTP/1.1" 200 5619 "-" "Yanga WorldSearch Bot v1.1/beta (http://www.yanga.co.uk/)"
91.205.124.11 - - [28/Dec/2008:06:03:23 -0700] "GET /pic.do;jsessionid=F6AADEFA6006B70FFC616F0866AA3DA7?picId=4155&bookId=241 HTTP/1.1" 200 5597 "-" "Yanga WorldSearch Bot v1.1/beta (http://www.yanga.co.uk/)"
66.249.71.24 - - [28/Dec/2008:06:03:30 -0700] "GET /pic.do;jsessionid=52C4450A63AD7B16D9A4969BD1CE4CA9?picId=4010&bookId=215 HTTP/1.1" 200 5785 "-" "Mozilla/5.0 (compatible; Googlebot/2.1; +http://www.google.com/bot.html)"
91.205.124.11 - - [28/Dec/2008:06:03:50 -0700] "GET /pic.do;jsessionid=F6AADEFA6006B70FFC616F0866AA3DA7?picId=4156&bookId=241 HTTP/1.1" 200 5657 "-" "Yanga WorldSearch Bot v1.1/beta (http://www.yanga.co.uk/)"
91.205.124.11 - - [28/Dec/2008:06:04:17 -0700] "GET /pic.do;jsessionid=F6AADEFA6006B70FFC616F0866AA3DA7?picId=4553&bookId=241 HTTP/1.1" 200 5709 "-" "Yanga WorldSearch Bot v1.1/beta (http://www.yanga.co.uk/)"
91.205.124.11 - - [28/Dec/2008:06:04:45 -0700] "GET /pic.do;jsessionid=F6AADEFA6006B70FFC616F0866AA3DA7?picId=4554&bookId=241 HTTP/1.1" 200 5683 "-" "Yanga WorldSearch Bot v1.1/beta (http://www.yanga.co.uk/)"
91.205.124.11 - - [28/Dec/2008:06:05:11 -0700] "GET /pic.do;jsessionid=F6AADEFA6006B70FFC616F0866AA3DA7?picId=4555&bookId=241 HTTP/1.1" 200 5657 "-" "Yanga WorldSearch Bot v1.1/beta (http://www.yanga.co.uk/)"
91.205.124.11 - - [28/Dec/2008:06:05:39 -0700] "GET /pic.do;jsessionid=F6AADEFA6006B70FFC616F0866AA3DA7?picId=4556&bookId=241 HTTP/1.1" 200 5675 "-" "Yanga WorldSearch Bot v1.1/beta (http://www.yanga.co.uk/)"
91.205.124.11 - - [28/Dec/2008:06:06:04 -0700] "GET /pic.do;jsessionid=F6AADEFA6006B70FFC616F0866AA3DA7?picId=4557&bookId=241 HTTP/1.1" 200 5677 "-" "Yanga WorldSearch Bot v1.1/beta (http://www.yanga.co.uk/)"
91.205.124.11 - - [28/Dec/2008:06:06:31 -0700] "GET /pic.do;jsessionid=F6AADEFA6006B70FFC616F0866AA3DA7?picId=4558&bookId=241 HTTP/1.1" 200 5655 "-" "Yanga WorldSearch Bot v1.1/beta (http://www.yanga.co.uk/)"
91.205.124.11 - - [28/Dec/2008:06:06:58 -0700] "GET /pic.do;jsessionid=F6AADEFA6006B70FFC616F0866AA3DA7?picId=4559&bookId=241 HTTP/1.1" 200 5631 "-" "Yanga WorldSearch Bot v1.1/beta (http://www.yanga.co.uk/)"
91.205.124.11 - - [28/Dec/2008:06:07:24 -0700] "GET /pic.do;jsessionid=F6AADEFA6006B70FFC616F0866AA3DA7?picId=4560&bookId=241 HTTP/1.1" 200 5652 "-" "Yanga WorldSearch Bot v1.1/beta (http://www.yanga.co.uk/)"
91.205.124.11 - - [28/Dec/2008:06:07:51 -0700] "GET /pic.do;jsessionid=F6AADEFA6006B70FFC616F0866AA3DA7?picId=4561&bookId=241 HTTP/1.1" 200 5727 "-" "Yanga WorldSearch Bot v1.1/beta (http://www.yanga.co.uk/)"
91.205.124.11 - - [28/Dec/2008:06:08:18 -0700] "GET /pic.do;jsessionid=F6AADEFA6006B70FFC616F0866AA3DA7?picId=4562&bookId=241 HTTP/1.1" 200 5717 "-" "Yanga WorldSearch Bot v1.1/beta (http://www.yanga.co.uk/)"
91.205.124.11 - - [28/Dec/2008:06:08:44 -0700] "GET /pic.do;jsessionid=F6AADEFA6006B70FFC616F0866AA3DA7?picId=4563&bookId=241 HTTP/1.1" 200 5639 "-" "Yanga WorldSearch Bot v1.1/beta (http://www.yanga.co.uk/)"
91.205.124.11 - - [28/Dec/2008:06:09:10 -0700] "GET /pic.do;jsessionid=F6AADEFA6006B70FFC616F0866AA3DA7?picId=4548&bookId=241 HTTP/1.1" 200 5617 "-" "Yanga WorldSearch Bot v1.1/beta (http://www.yanga.co.uk/)"
66.249.71.21 - - [28/Dec/2008:06:09:28 -0700] "GET /pic.do;jsessionid=B377D8843BEF16DBC64ED07F5282E9FE?picId=1503&bookId=111 HTTP/1.1" 200 5505 "-" "Mozilla/5.0 (compatible; Googlebot/2.1; +http://www.google.com/bot.html)"
91.205.124.11 - - [28/Dec/2008:06:09:37 -0700] "GET /pic.do;jsessionid=F6AADEFA6006B70FFC616F0866AA3DA7?picId=4549&bookId=241 HTTP/1.1" 200 5689 "-" "Yanga WorldSearch Bot v1.1/beta (http://www.yanga.co.uk/)"
61.135.168.39 - - [28/Dec/2008:06:09:39 -0700] "GET / HTTP/1.1" 200 3124 "-" "Baiduspider+(+http://www.baidu.com/search/spider.htm)"
91.205.124.11 - - [28/Dec/2008:06:10:44 -0700] "GET /pic.do;jsessionid=F6AADEFA6006B70FFC616F0866AA3DA7?picId=4550&bookId=241 HTTP/1.1" 200 5749 "-" "Yanga WorldSearch Bot v1.1/beta (http://www.yanga.co.uk/)"
91.205.124.11 - - [28/Dec/2008:06:12:45 -0700] "GET /pic.do;jsessionid=F6AADEFA6006B70FFC616F0866AA3DA7?picId=4551&bookId=241 HTTP/1.1" 200 5731 "-" "Yanga WorldSearch Bot v1.1/beta (http://www.yanga.co.uk/)"
91.205.124.11 - - [28/Dec/2008:06:13:20 -0700] "GET /pic.do;jsessionid=F6AADEFA6006B70FFC616F0866AA3DA7?picId=4552&bookId=241 HTTP/1.1" 200 5437 "-" "Yanga WorldSearch Bot v1.1/beta (http://www.yanga.co.uk/)"
91.205.124.11 - - [28/Dec/2008:06:13:46 -0700] "GET /album.do;jsessionid=6C9191F14B78FC93AD4DC7D737ED5598?bookId=135 HTTP/1.1" 200 6948 "-" "Yanga WorldSearch Bot v1.1/beta (http://www.yanga.co.uk/)"
220.181.32.22 - - [28/Dec/2008:06:13:47 -0700] "GET / HTTP/1.1" 200 3124 "-" "Baiduspider+(+http://www.baidu.com/search/spider.htm)"
91.205.124.11 - - [28/Dec/2008:06:14:14 -0700] "GET /album.do;jsessionid=6C9191F14B78FC93AD4DC7D737ED5598?bookId=235 HTTP/1.1" 200 7584 "-" "Yanga WorldSearch Bot v1.1/beta (http://www.yanga.co.uk/)"
91.205.124.11 - - [28/Dec/2008:06:14:42 -0700] "GET /slideshow.do;jsessionid=6C9191F14B78FC93AD4DC7D737ED5598?bookId=240 HTTP/1.1" 200 32463 "-" "Yanga WorldSearch Bot v1.1/beta (http://www.yanga.co.uk/)"
91.205.124.11 - - [28/Dec/2008:06:15:12 -0700] "GET /pic.do;jsessionid=6C9191F14B78FC93AD4DC7D737ED5598?picId=4003&bookId=240 HTTP/1.1" 200 5500 "-" "Yanga WorldSearch Bot v1.1/beta (http://www.yanga.co.uk/)"
66.249.71.20 - - [28/Dec/2008:06:15:27 -0700] "GET /pic.do;jsessionid=0A78CB4A7B64EE445EF3B8906FEE0A37?picId=1491&bookId=111 HTTP/1.1" 200 5611 "-" "Mozilla/5.0 (compatible; Googlebot/2.1; +http://www.google.com/bot.html)"
91.205.124.11 - - [28/Dec/2008:06:15:37 -0700] "GET /pic.do;jsessionid=6C9191F14B78FC93AD4DC7D737ED5598?picId=4004&bookId=240 HTTP/1.1" 200 5740 "-" "Yanga WorldSearch Bot v1.1/beta (http://www.yanga.co.uk/)"
91.205.124.11 - - [28/Dec/2008:06:16:08 -0700] "GET /pic.do;jsessionid=6C9191F14B78FC93AD4DC7D737ED5598?picId=4005&bookId=240 HTTP/1.1" 200 5692 "-" "Yanga WorldSearch Bot v1.1/beta (http://www.yanga.co.uk/)"
66.249.71.21 - - [28/Dec/2008:06:16:13 -0700] "GET /pics/DJs%20and%20Clubs/Way%20Out%20West/Hardy%20listens_t.jpg HTTP/1.1" 304 - "-" "Googlebot-Image/1.0"
65.55.210.64 - - [28/Dec/2008:06:16:21 -0700] "GET /pic.do?picId=7173&bookId=360 HTTP/1.1" 200 5823 "-" "msnbot/1.1 (+http://search.msn.com/msnbot.htm)"
91.205.124.11 - - [28/Dec/2008:06:16:32 -0700] "GET /pic.do;jsessionid=6C9191F14B78FC93AD4DC7D737ED5598?picId=4006&bookId=240 HTTP/1.1" 200 5688 "-" "Yanga WorldSearch Bot v1.1/beta (http://www.yanga.co.uk/)"
91.205.124.11 - - [28/Dec/2008:06:17:00 -0700] "GET /pic.do;jsessionid=6C9191F14B78FC93AD4DC7D737ED5598?picId=4007&bookId=240 HTTP/1.1" 200 5682 "-" "Yanga WorldSearch Bot v1.1/beta (http://www.yanga.co.uk/)"
91.205.124.11 - - [28/Dec/2008:06:17:27 -0700] "GET /pic.do;jsessionid=6C9191F14B78FC93AD4DC7D737ED5598?picId=4013&bookId=240 HTTP/1.1" 200 5693 "-" "Yanga WorldSearch Bot v1.1/beta (http://www.yanga.co.uk/)"
91.205.124.11 - - [28/Dec/2008:06:17:55 -0700] "GET /pic.do;jsessionid=6C9191F14B78FC93AD4DC7D737ED5598?picId=4015&bookId=240 HTTP/1.1" 200 5755 "-" "Yanga WorldSearch Bot v1.1/beta (http://www.yanga.co.uk/)"
91.205.124.11 - - [28/Dec/2008:06:18:23 -0700] "GET /pic.do;jsessionid=6C9191F14B78FC93AD4DC7D737ED5598?picId=4016&bookId=240 HTTP/1.1" 200 5770 "-" "Yanga WorldSearch Bot v1.1/beta (http://www.yanga.co.uk/)"
66.231.189.108 - - [28/Dec/2008:06:18:33 -0700] "GET /album.do?bookId=357 HTTP/1.0" 200 40776 "-" "Gigabot/3.0 (http://www.gigablast.com/spider.html)"
65.55.231.21 - - [28/Dec/2008:06:18:39 -0700] "GET /robots.txt HTTP/1.1" 200 24 "-" "msnbot-media/1.1 (+http://search.msn.com/msnbot.htm)"
